ARM Linker, 5.03 [Build 24] [MDK-ARM Professional]

==============================================================================

Section Cross References

    main.o(.text) refers to delay.o(.text) for delay_init
    main.o(.text) refers to sys.o(.text) for NVIC_Configuration
    main.o(.text) refers to usart.o(.text) for uart_init
    main.o(.text) refers to led.o(.text) for LED_Init
    main.o(.text) refers to lcd.o(.text) for LCD_Init
    main.o(.text) refers to key.o(.text) for KEY_Init
    main.o(.text) refers to word.o(.text) for WORD_Init
    main.o(.text) refers to timer.o(.text) for TIM2_Int_Init
    main.o(.text) refers to exti.o(.text) for EXTIX_Init
    main.o(.text) refers to adc.o(.text) for Adc_Init
    main.o(.text) refers to flash.o(.text) for SPI_Flash_Init
    main.o(.text) refers to stm32f10x_tim.o(.text) for TIM_Cmd
    main.o(.text) refers to stm32f10x_usart.o(.text) for USART_GetFlagStatus
    main.o(.text) refers to main.o(.data) for flag2
    main.o(.text) refers to main.o(.bss) for TEXT_Buffer2
    system_stm32f10x.o(.text) refers to system_stm32f10x.o(.data) for SystemCoreClock
    led.o(.text) refers to stm32f10x_rcc.o(.text) for RCC_APB2PeriphClockCmd
    led.o(.text) refers to stm32f10x_gpio.o(.text) for GPIO_Init
    key.o(.text) refers to stm32f10x_rcc.o(.text) for RCC_APB2PeriphClockCmd
    key.o(.text) refers to stm32f10x_gpio.o(.text) for GPIO_Init
    key.o(.text) refers to delay.o(.text) for delay_ms
    key.o(.text) refers to key.o(.data) for key_up
    lcd.o(.text) refers to delay.o(.text) for delay_us
    lcd.o(.text) refers to lcd.o(.bss) for lcddev
    lcd.o(.text) refers to stm32f10x_rcc.o(.text) for RCC_AHBPeriphClockCmd
    lcd.o(.text) refers to stm32f10x_gpio.o(.text) for GPIO_Init
    lcd.o(.text) refers to stm32f10x_fsmc.o(.text) for FSMC_NORSRAMInit
    lcd.o(.text) refers to lcd.o(.data) for POINT_COLOR
    lcd.o(.text) refers to lcd.o(.constdata) for asc2_1206
    adc.o(.text) refers to stm32f10x_rcc.o(.text) for RCC_APB2PeriphClockCmd
    adc.o(.text) refers to stm32f10x_gpio.o(.text) for GPIO_Init
    adc.o(.text) refers to stm32f10x_adc.o(.text) for ADC_DeInit
    adc.o(.text) refers to delay.o(.text) for delay_us
    word.o(.text) refers to delay.o(.text) for delay_init
    word.o(.text) refers to sys.o(.text) for NVIC_Configuration
    word.o(.text) refers to usart.o(.text) for uart_init
    word.o(.text) refers to led.o(.text) for LED_Init
    word.o(.text) refers to lcd.o(.text) for LCD_Init
    word.o(.text) refers to word.o(.data) for table0
    timer.o(.text) refers to stm32f10x_rcc.o(.text) for RCC_APB1PeriphClockCmd
    timer.o(.text) refers to stm32f10x_tim.o(.text) for TIM_TimeBaseInit
    timer.o(.text) refers to misc.o(.text) for NVIC_Init
    timer.o(.text) refers to adc.o(.text) for Get_Adc_Average
    timer.o(.text) refers to main.o(.data) for flag
    timer.o(.text) refers to timer.o(.data) for t
    timer.o(.text) refers to main.o(.bss) for TEXT_Buffer1
    spi.o(.text) refers to stm32f10x_spi.o(.text) for SPI_I2S_GetFlagStatus
    spi.o(.text) refers to stm32f10x_rcc.o(.text) for RCC_APB2PeriphClockCmd
    spi.o(.text) refers to stm32f10x_gpio.o(.text) for GPIO_Init
    flash.o(.text) refers to spi.o(.text) for SPI2_ReadWriteByte
    flash.o(.text) refers to stm32f10x_rcc.o(.text) for RCC_APB2PeriphClockCmd
    flash.o(.text) refers to stm32f10x_gpio.o(.text) for GPIO_Init
    flash.o(.text) refers to delay.o(.text) for delay_us
    flash.o(.text) refers to flash.o(.data) for SPI_FLASH_TYPE
    exti.o(.text) refers to key.o(.text) for KEY_Init
    exti.o(.text) refers to stm32f10x_rcc.o(.text) for RCC_APB2PeriphClockCmd
    exti.o(.text) refers to stm32f10x_gpio.o(.text) for GPIO_EXTILineConfig
    exti.o(.text) refers to stm32f10x_exti.o(.text) for EXTI_Init
    exti.o(.text) refers to misc.o(.text) for NVIC_Init
    exti.o(.text) refers to delay.o(.text) for delay_us
    exti.o(.text) refers to stm32f10x_tim.o(.text) for TIM_Cmd
    exti.o(.text) refers to main.o(.data) for flag
    delay.o(.text) refers to misc.o(.text) for SysTick_CLKSourceConfig
    delay.o(.text) refers to system_stm32f10x.o(.data) for SystemCoreClock
    delay.o(.text) refers to delay.o(.data) for fac_us
    sys.o(.text) refers to misc.o(.text) for NVIC_PriorityGroupConfig
    usart.o(.text) refers (Special) to use_no_semi_2.o(.text) for __use_no_semihosting
    usart.o(.text) refers to stm32f10x_rcc.o(.text) for RCC_APB2PeriphClockCmd
    usart.o(.text) refers to stm32f10x_usart.o(.text) for USART_DeInit
    usart.o(.text) refers to stm32f10x_gpio.o(.text) for GPIO_Init
    usart.o(.text) refers to misc.o(.text) for NVIC_Init
    usart.o(.text) refers to usart.o(.data) for USART_RX_STA
    usart.o(.text) refers to usart.o(.bss) for USART_RX_BUF
    usart.o(.bss) refers (Special) to use_no_semi_2.o(.text) for __use_no_semihosting
    usart.o(.data) refers (Special) to use_no_semi_2.o(.text) for __use_no_semihosting
[...]
    libinit.o(.ARM.Collect$$libinit$$00000000) refers (Special) to libinit2.o(.ARM.Collect$$libinit$$0000000C) for __rt_lib_init_rand_1
    libinit.o(.ARM.Collect$$libinit$$00000000) refers (Special) to libinit2.o(.ARM.Collect$$libinit$$00000031) for __rt_lib_init_return
    libinit.o(.ARM.Collect$$libinit$$00000000) refers (Special) to libinit2.o(.ARM.Collect$$libinit$$0000001B) for __rt_lib_init_signal_1
    libinit.o(.ARM.Collect$$libinit$$00000000) refers (Special) to libinit2.o(.ARM.Collect$$libinit$$00000023) for __rt_lib_init_stdio_1
    libinit.o(.ARM.Collect$$libinit$$00000000) refers (Special) to libinit2.o(.ARM.Collect$$libinit$$0000000A) for __rt_lib_init_user_alloc_1
    libspace.o(.text) refers to libspace.o(.bss) for __libspace_start
    rtexit.o(.ARM.Collect$$rtexit$$00000000) refers (Special) to rtexit2.o(.ARM.Collect$$rtexit$$00000004) for __rt_exit_exit
    rtexit.o(.ARM.Collect$$rtexit$$00000000) refers (Special) to rtexit2.o(.ARM.Collect$$rtexit$$00000003) for __rt_exit_ls
    rtexit.o(.ARM.Collect$$rtexit$$00000000) refers (Special) to rtexit2.o(.ARM.Collect$$rtexit$$00000002) for __rt_exit_prels_1
    rtexit.o(.ARM.exidx) refers (Special) to rtexit2.o(.ARM.Collect$$rtexit$$00000004) for __rt_exit_exit
    rtexit.o(.ARM.exidx) refers (Special) to rtexit2.o(.ARM.Collect$$rtexit$$00000003) for __rt_exit_ls
    rtexit.o(.ARM.exidx) refers (Special) to rtexit2.o(.ARM.Collect$$rtexit$$00000002) for __rt_exit_prels_1
    rtexit.o(.ARM.exidx) refers to rtexit.o(.ARM.Collect$$rtexit$$00000000) for .ARM.Collect$$rtexit$$00000000
    libinit2.o(.ARM.Collect$$libinit$$0000000E) refers to libinit2.o(.ARM.Collect$$libinit$$0000000D) for .ARM.Collect$$libinit$$0000000D
    libinit2.o(.ARM.Collect$$libinit$$00000010) refers to libinit2.o(.ARM.Collect$$libinit$$0000000D) for .ARM.Collect$$libinit$$0000000D
    libinit2.o(.ARM.Collect$$libinit$$00000012) refers to libinit2.o(.ARM.Collect$$libinit$$0000000D) for .ARM.Collect$$libinit$$0000000D
    libinit2.o(.ARM.Collect$$libinit$$00000014) refers to libinit2.o(.ARM.Collect$$libinit$$0000000D) for .ARM.Collect$$libinit$$0000000D
    libinit2.o(.ARM.Collect$$libinit$$00000016) refers to libinit2.o(.ARM.Collect$$libinit$$0000000D) for .ARM.Collect$$libinit$$0000000D
    libinit2.o(.ARM.Collect$$libinit$$00000024) refers to argv_veneer.o(.emb_text) for __ARM_argv_veneer
    libinit2.o(.ARM.Collect$$libinit$$00000025) refers to argv_veneer.o(.emb_text) for __ARM_argv_veneer
    rtexit2.o(.ARM.Collect$$rtexit$$00000003) refers to libshutdown.o(.ARM.Collect$$libshutdown$$00000000) for __rt_lib_shutdown
    rtexit2.o(.ARM.Collect$$rtexit$$00000004) refers to usart.o(.text) for _sys_exit
    rtexit2.o(.ARM.exidx) refers to rtexit2.o(.ARM.Collect$$rtexit$$00000001) for .ARM.Collect$$rtexit$$00000001
    rtexit2.o(.ARM.exidx) refers to rtexit2.o(.ARM.Collect$$rtexit$$00000003) for .ARM.Collect$$rtexit$$00000003
    rtexit2.o(.ARM.exidx) refers to rtexit2.o(.ARM.Collect$$rtexit$$00000004) for .ARM.Collect$$rtexit$$00000004
    argv_veneer.o(.emb_text) refers to no_argv.o(.text) for __ARM_get_argv
    _get_argv_nomalloc.o(.text) refers (Special) to hrguard.o(.text) for __heap_region$guard
    _get_argv_nomalloc.o(.text) refers to defsig_rtmem_outer.o(.text) for __rt_SIGRTMEM
    _get_argv_nomalloc.o(.text) refers to sys_command.o(.text) for _sys_command_string
    libshutdown.o(.ARM.Collect$$libshutdown$$00000000) refers (Special) to libshutdown2.o(.ARM.Collect$$libshutdown$$00000006) for __rt_lib_shutdown_fp_trap_1
    libshutdown.o(.ARM.Collect$$libshutdown$$00000000) refers (Special) to libshutdown2.o(.ARM.Collect$$libshutdown$$0000000E) for __rt_lib_shutdown_heap_1
    libshutdown.o(.ARM.Collect$$libshutdown$$00000000) refers (Special) to libshutdown2.o(.ARM.Collect$$libshutdown$$0000000F) for __rt_lib_shutdown_return
    libshutdown.o(.ARM.Collect$$libshutdown$$00000000) refers (Special) to libshutdown2.o(.ARM.Collect$$libshutdown$$00000009) for __rt_lib_shutdown_signal_1
    libshutdown.o(.ARM.Collect$$libshutdown$$00000000) refers (Special) to libshutdown2.o(.ARM.Collect$$libshutdown$$00000003) for __rt_lib_shutdown_stdio_1
    libshutdown.o(.ARM.Collect$$libshutdown$$00000000) refers (Special) to libshutdown2.o(.ARM.Collect$$libshutdown$$0000000B) for __rt_lib_shutdown_user_alloc_1
    sys_command.o(.text) refers (Special) to use_no_semi.o(.text) for __I$use$semihosting
    sys_command.o(.text) refers (Special) to indicate_semi.o(.text) for __semihosting_library_function
    defsig_rtmem_outer.o(.text) refers to defsig_rtmem_inner.o(.text) for __rt_SIGRTMEM_inner
    defsig_rtmem_outer.o(.text) refers to defsig_exit.o(.text) for __sig_exit
    defsig_rtmem_formal.o(.text) refers to rt_raise.o(.text) for __rt_raise
    rt_raise.o(.text) refers to __raise.o(.text) for __raise
    rt_raise.o(.text) refers to usart.o(.text) for _sys_exit
    defsig_exit.o(.text) refers to usart.o(.text) for _sys_exit
    defsig_rtmem_inner.o(.text) refers to defsig_general.o(.text) for __default_signal_display
    __raise.o(.text) refers to defsig.o(CL$$defsig) for __default_signal_handler
    defsig_general.o(.text) refers to sys_wrch.o(.text) for _ttywrch
    sys_wrch.o(.text) refers (Special) to use_no_semi.o(.text) for __I$use$semihosting
    sys_wrch.o(.text) refers (Special) to indicate_semi.o(.text) for __semihosting_library_function
    defsig.o(CL$$defsig) refers to defsig_rtmem_inner.o(.text) for __rt_SIGRTMEM_inner
    defsig_abrt_inner.o(.text) refers to defsig_general.o(.text) for __default_signal_display
    defsig_fpe_inner.o(.text) refers to defsig_general.o(.text) for __default_signal_display
    defsig_rtred_inner.o(.text) refers to defsig_general.o(.text) for __default_signal_display
    defsig_stak_inner.o(.text) refers to defsig_general.o(.text) for __default_signal_display
    defsig_pvfn_inner.o(.text) refers to defsig_general.o(.text) for __default_signal_display
    defsig_cppl_inner.o(.text) refers to defsig_general.o(.text) for __default_signal_display
    defsig_segv_inner.o(.text) refers to defsig_general.o(.text) for __default_signal_display
    defsig_other.o(.text) refers to defsig_general.o(.text) for __default_signal_display


==============================================================================

Removing Unused input sections from the image.

    Removing flash.o(.bss), (4096 bytes).
    Removing core_cm3.o(.emb_text), (32 bytes).
    Removing stm32f10x_flash.o(.text), (1468 bytes).

3 unused section(s) (total 5596 bytes) removed from the image.

==============================================================================

Image Symbol Table

    Local Symbols

    Symbol Name                              Value     Ov Type        Size  Object(Section)

    ../clib/angel/boardlib.s                 0x00000000   Number         0  boardshut.o ABSOLUTE
    ../clib/angel/boardlib.s                 0x00000000   Number         0  boardinit1.o ABSOLUTE
    ../clib/angel/boardlib.s                 0x00000000   Number         0  boardinit2.o ABSOLUTE
    ../clib/angel/boardlib.s                 0x00000000   Number         0  boardinit3.o ABSOLUTE
    ../clib/angel/dczerorl2.s                0x00000000   Number         0  __dczerorl2.o ABSOLUTE
    ../clib/angel/handlers.s                 0x00000000   Number         0  __scatter_zi.o ABSOLUTE
    ../clib/angel/kernel.s                   0x00000000   Number         0  rtexit.o ABSOLUTE
    ../clib/angel/kernel.s                   0x00000000   Number         0  rtentry4.o ABSOLUTE
    ../clib/angel/kernel.s                   0x00000000   Number         0  rtentry2.o ABSOLUTE
    ../clib/angel/kernel.s                   0x00000000   Number         0  rtentry.o ABSOLUTE
    ../clib/angel/kernel.s                   0x00000000   Number         0  rtexit2.o ABSOLUTE
    ../clib/angel/rt.s                       0x00000000   Number         0  rt_raise.o ABSOLUTE
    ../clib/angel/scatter.s                  0x00000000   Number         0  __scatter.o ABSOLUTE
    ../clib/angel/startup.s                  0x00000000   Number         0  __main.o ABSOLUTE
    ../clib/angel/sys.s                      0x00000000   Number         0  use_no_semi_2.o ABSOLUTE
    ../clib/angel/sys.s                      0x00000000   Number         0  sys_stackheap_outer.o ABSOLUTE
    ../clib/angel/sys.s                      0x00000000   Number         0  indicate_semi.o ABSOLUTE
    ../clib/angel/sys.s                      0x00000000   Number         0  use_no_semi.o ABSOLUTE
    ../clib/angel/sys.s                      0x00000000   Number         0  libspace.o ABSOLUTE
    ../clib/angel/sysapp.c                   0x00000000   Number         0  sys_command.o ABSOLUTE
    ../clib/angel/sysapp.c                   0x00000000   Number         0  sys_wrch.o ABSOLUTE
    ../clib/armsys.c                         0x00000000   Number         0  _get_argv_nomalloc.o ABSOLUTE
    ../clib/armsys.c                         0x00000000   Number         0  argv_veneer.o ABSOLUTE
    ../clib/armsys.c                         0x00000000   Number         0  argv_veneer.o ABSOLUTE
    ../clib/armsys.c                         0x00000000   Number         0  no_argv.o ABSOLUTE
    ../clib/heapalloc.c                      0x00000000   Number         0  hrguard.o ABSOLUTE
    ../clib/heapaux.c                        0x00000000   Number         0  heapauxi.o ABSOLUTE
    ../clib/libinit.s                        0x00000000   Number         0  libinit.o ABSOLUTE
    ../clib/libinit.s                        0x00000000   Number         0  libinit2.o ABSOLUTE
    ../clib/libinit.s                        0x00000000   Number         0  libshutdown2.o ABSOLUTE
    ../clib/libinit.s                        0x00000000   Number         0  libshutdown.o ABSOLUTE
    ../clib/signal.c                         0x00000000   Number         0  defsig_abrt_inner.o ABSOLUTE
    ../clib/signal.c                         0x00000000   Number         0  defsig_general.o ABSOLUTE
    ../clib/signal.c                         0x00000000   Number         0  defsig_exit.o ABSOLUTE
    ../clib/signal.c                         0x00000000   Number         0  defsig_other.o ABSOLUTE
    ../clib/signal.c                         0x00000000   Number         0  defsig_segv_inner.o ABSOLUTE
    ../clib/signal.c                         0x00000000   Number         0  defsig_rtred_inner.o ABSOLUTE
    ../clib/signal.c                         0x00000000   Number         0  defsig_cppl_inner.o ABSOLUTE
    ../clib/signal.c                         0x00000000   Number         0  defsig_pvfn_inner.o ABSOLUTE
    ../clib/signal.c                         0x00000000   Number         0  defsig_stak_inner.o ABSOLUTE
    ../clib/signal.c                         0x00000000   Number         0  __raise.o ABSOLUTE
    ../clib/signal.c                         0x00000000   Number         0  defsig_rtmem_inner.o ABSOLUTE
    ../clib/signal.c                         0x00000000   Number         0  defsig_fpe_inner.o ABSOLUTE
    ../clib/signal.c                         0x00000000   Number         0  defsig_rtmem_formal.o ABSOLUTE
    ../clib/signal.c                         0x00000000   Number         0  defsig_rtmem_outer.o ABSOLUTE
    ../clib/signal.s                         0x00000000   Number         0  defsig.o ABSOLUTE
    ../clib/stdlib.c                         0x00000000   Number         0  exit.o ABSOLUTE
    ../fplib/fpinit.s                        0x00000000   Number         0  fpinit.o ABSOLUTE
    ..\CORE\core_cm3.c                       0x00000000   Number         0  core_cm3.o ABSOLUTE
    ..\CORE\startup_stm32f10x_hd.s           0x00000000   Number         0  startup_stm32f10x_hd.o ABSOLUTE
    ..\HARDWARE\ADC\adc.c                    0x00000000   Number         0  adc.o ABSOLUTE
    ..\HARDWARE\EXTI\exti.c                  0x00000000   Number         0  exti.o ABSOLUTE
    ..\HARDWARE\FLASH\flash.c                0x00000000   Number         0  flash.o ABSOLUTE
    ..\HARDWARE\KEY\key.c                    0x00000000   Number         0  key.o ABSOLUTE
    ..\HARDWARE\LCD\lcd.c                    0x00000000   Number         0  lcd.o ABSOLUTE
    ..\HARDWARE\LED\led.c                    0x00000000   Number         0  led.o ABSOLUTE
    ..\HARDWARE\SPI\spi.c                    0x00000000   Number         0  spi.o ABSOLUTE
    ..\HARDWARE\TIMER\timer.c                0x00000000   Number         0  timer.o ABSOLUTE
    ..\HARDWARE\WORD\word.c                  0x00000000   Number         0  word.o ABSOLUTE
    ..\STM32F10x_FWLib\src\misc.c            0x00000000   Number         0  misc.o ABSOLUTE
    ..\STM32F10x_FWLib\src\stm32f10x_adc.c   0x00000000   Number         0  stm32f10x_adc.o ABSOLUTE
    ..\STM32F10x_FWLib\src\stm32f10x_exti.c  0x00000000   Number         0  stm32f10x_exti.o ABSOLUTE
    ..\STM32F10x_FWLib\src\stm32f10x_flash.c 0x00000000   Number         0  stm32f10x_flash.o ABSOLUTE
    ..\STM32F10x_FWLib\src\stm32f10x_fsmc.c  0x00000000   Number         0  stm32f10x_fsmc.o ABSOLUTE
    ..\STM32F10x_FWLib\src\stm32f10x_gpio.c  0x00000000   Number         0  stm32f10x_gpio.o ABSOLUTE
    ..\STM32F10x_FWLib\src\stm32f10x_rcc.c   0x00000000   Number         0  stm32f10x_rcc.o ABSOLUTE
    ..\STM32F10x_FWLib\src\stm32f10x_spi.c   0x00000000   Number         0  stm32f10x_spi.o ABSOLUTE
    ..\STM32F10x_FWLib\src\stm32f10x_tim.c   0x00000000   Number         0  stm32f10x_tim.o ABSOLUTE
    ..\STM32F10x_FWLib\src\stm32f10x_usart.c 0x00000000   Number         0  stm32f10x_usart.o ABSOLUTE
    ..\SYSTEM\delay\delay.c                  0x00000000   Number         0  delay.o ABSOLUTE
    ..\SYSTEM\sys\sys.c                      0x00000000   Number         0  sys.o ABSOLUTE
    ..\SYSTEM\usart\usart.c                  0x00000000   Number         0  usart.o ABSOLUTE
    ..\\CORE\\core_cm3.c                     0x00000000   Number         0  core_cm3.o ABSOLUTE
    dc.s                                     0x00000000   Number         0  dc.o ABSOLUTE
    main.c                                   0x00000000   Number         0  main.o ABSOLUTE
    stm32f10x_it.c                           0x00000000   Number         0  stm32f10x_it.o ABSOLUTE
    system_stm32f10x.c                       0x00000000   Number         0  system_stm32f10x.o ABSOLUTE
    RESET                                    0x08000000   Section      304  startup_stm32f10x_hd.o(RESET)
    !!!main                                  0x08000130   Section        8  __main.o(!!!main)
    !!!scatter                               0x08000138   Section       52  __scatter.o(!!!scatter)
    !!dczerorl2                              0x0800016c   Section       90  __dczerorl2.o(!!dczerorl2)
    !!handler_zi                             0x080001c8   Section       28  __scatter_zi.o(!!handler_zi)
    .ARM.Collect$$libinit$$00000000          0x080001e4   Section        2  libinit.o(.ARM.Collect$$libinit$$00000000)
    .ARM.Collect$$libinit$$00000002          0x080001e6   Section        0  libinit2.o(.ARM.Collect$$libinit$$00000002)
    .ARM.Collect$$libinit$$00000008          0x080001e6   Section        0  libinit2.o(.ARM.Collect$$libinit$$00000008)
    .ARM.Collect$$libinit$$0000000A          0x080001e6   Section        0  libinit2.o(.ARM.Collect$$libinit$$0000000A)
    .ARM.Collect$$libinit$$0000000C          0x080001e6   Section        0  libinit2.o(.ARM.Collect$$libinit$$0000000C)
    .ARM.Collect$$libinit$$0000000F          0x080001e6   Section        0  libinit2.o(.ARM.Collect$$libinit$$0000000F)
    .ARM.Collect$$libinit$$00000011          0x080001e6   Section        0  libinit2.o(.ARM.Collect$$libinit$$00000011)
    .ARM.Collect$$libinit$$00000013          0x080001e6   Section        0  libinit2.o(.ARM.Collect$$libinit$$00000013)
    .ARM.Collect$$libinit$$00000015          0x080001e6   Section        0  libinit2.o(.ARM.Collect$$libinit$$00000015)
    .ARM.Collect$$libinit$$00000017          0x080001e6   Section        0  libinit2.o(.ARM.Collect$$libinit$$00000017)
    .ARM.Collect$$libinit$$00000019          0x080001e6   Section        0  libinit2.o(.ARM.Collect$$libinit$$00000019)
    .ARM.Collect$$libinit$$0000001B          0x080001e6   Section        0  libinit2.o(.ARM.Collect$$libinit$$0000001B)
    .ARM.Collect$$libinit$$0000001D          0x080001e6   Section        0  libinit2.o(.ARM.Collect$$libinit$$0000001D)
    .ARM.Collect$$libinit$$0000001F          0x080001e6   Section        0  libinit2.o(.ARM.Collect$$libinit$$0000001F)
    .ARM.Collect$$libinit$$00000021          0x080001e6   Section        0  libinit2.o(.ARM.Collect$$libinit$$00000021)
    .ARM.Collect$$libinit$$00000023          0x080001e6   Section        0  libinit2.o(.ARM.Collect$$libinit$$00000023)
    .ARM.Collect$$libinit$$0000002A          0x080001e6   Section        0  libinit2.o(.ARM.Collect$$libinit$$0000002A)
    .ARM.Collect$$libinit$$0000002C          0x080001e6   Section        0  libinit2.o(.ARM.Collect$$libinit$$0000002C)
    .ARM.Collect$$libinit$$0000002E          0x080001e6   Section        0  libinit2.o(.ARM.Collect$$libinit$$0000002E)
    .ARM.Collect$$libinit$$00000030          0x080001e6   Section        0  libinit2.o(.ARM.Collect$$libinit$$00000030)
    .ARM.Collect$$libinit$$00000031          0x080001e6   Section        2  libinit2.o(.ARM.Collect$$libinit$$00000031)
    .ARM.Collect$$libshutdown$$00000000      0x080001e8   Section        2  libshutdown.o(.ARM.Collect$$libshutdown$$00000000)
    .ARM.Collect$$libshutdown$$00000003      0x080001ea   Section        0  libshutdown2.o(.ARM.Collect$$libshutdown$$00000003)
    .ARM.Collect$$libshutdown$$00000006      0x080001ea   Section        0  libshutdown2.o(.ARM.Collect$$libshutdown$$00000006)
    .ARM.Collect$$libshutdown$$00000009      0x080001ea   Section        0  libshutdown2.o(.ARM.Collect$$libshutdown$$00000009)
    .ARM.Collect$$libshutdown$$0000000B      0x080001ea   Section        0  libshutdown2.o(.ARM.Collect$$libshutdown$$0000000B)
    .ARM.Collect$$libshutdown$$0000000E      0x080001ea   Section        0  libshutdown2.o(.ARM.Collect$$libshutdown$$0000000E)
    .ARM.Collect$$libshutdown$$0000000F      0x080001ea   Section        2  libshutdown2.o(.ARM.Collect$$libshutdown$$0000000F)
    .ARM.Collect$$rtentry$$00000000          0x080001ec   Section        0  rtentry.o(.ARM.Collect$$rtentry$$00000000)
    .ARM.Collect$$rtentry$$00000002          0x080001ec   Section        0  rtentry2.o(.ARM.Collect$$rtentry$$00000002)
    .ARM.Collect$$rtentry$$00000004          0x080001ec   Section        6  rtentry4.o(.ARM.Collect$$rtentry$$00000004)
    .ARM.Collect$$rtentry$$00000009          0x080001f2   Section        0  rtentry2.o(.ARM.Collect$$rtentry$$00000009)
    .ARM.Collect$$rtentry$$0000000A          0x080001f2   Section        4  rtentry2.o(.ARM.Collect$$rtentry$$0000000A)
    .ARM.Collect$$rtentry$$0000000C          0x080001f6   Section        0  rtentry2.o(.ARM.Collect$$rtentry$$0000000C)
    .ARM.Collect$$rtentry$$0000000D          0x080001f6   Section        8  rtentry2.o(.ARM.Collect$$rtentry$$0000000D)
    .ARM.Collect$$rtexit$$00000000           0x080001fe   Section        2  rtexit.o(.ARM.Collect$$rtexit$$00000000)
    .ARM.Collect$$rtexit$$00000002           0x08000200   Section        0  rtexit2.o(.ARM.Collect$$rtexit$$00000002)
    .ARM.Collect$$rtexit$$00000003           0x08000200   Section        4  rtexit2.o(.ARM.Collect$$rtexit$$00000003)
    .ARM.Collect$$rtexit$$00000004           0x08000204   Section        6  rtexit2.o(.ARM.Collect$$rtexit$$00000004)
    .text                                    0x0800020c   Section        0  main.o(.text)
    .text                                    0x0800073c   Section        0  stm32f10x_it.o(.text)
    .text                                    0x08000758   Section        0  system_stm32f10x.o(.text)
    SetSysClockTo72                          0x08000759   Thumb Code   212  system_stm32f10x.o(.text)
    SetSysClock                              0x0800082d   Thumb Code     8  system_stm32f10x.o(.text)
    .text                                    0x08000934   Section        0  led.o(.text)
    .text                                    0x08000980   Section        0  key.o(.text)
    .text                                    0x08000a7c   Section        0  lcd.o(.text)
    .text                                    0x08002e20   Section        0  adc.o(.text)
    .text                                    0x08002f08   Section        0  word.o(.text)
    .text                                    0x08003698   Section        0  timer.o(.text)
    .text                                    0x0800394c   Section        0  spi.o(.text)
    .text                                    0x08003a54   Section        0  flash.o(.text)
    .text                                    0x08003d8c   Section        0  exti.o(.text)
    .text                                    0x08003ea8   Section        0  delay.o(.text)
    .text                                    0x08003f78   Section        0  sys.o(.text)
    .text                                    0x08003f84   Section        0  usart.o(.text)
    .text                                    0x080040c8   Section       64  startup_stm32f10x_hd.o(.text)
    .text                                    0x08004108   Section        0  misc.o(.text)
    .text                                    0x080041e4   Section        0  stm32f10x_adc.o(.text)
    .text                                    0x08004634   Section        0  stm32f10x_fsmc.o(.text)
    .text                                    0x08004c4c   Section        0  stm32f10x_gpio.o(.text)
    .text                                    0x08004fa4   Section        0  stm32f10x_rcc.o(.text)
    .text                                    0x08005348   Section        0  stm32f10x_usart.o(.text)
    .text                                    0x08005750   Section        0  stm32f10x_tim.o(.text)
    TI4_Config                               0x08005bf7   Thumb Code   130  stm32f10x_tim.o(.text)
    TI3_Config                               0x08005c8b   Thumb Code   122  stm32f10x_tim.o(.text)
    TI2_Config                               0x08005d1f   Thumb Code   130  stm32f10x_tim.o(.text)
    TI1_Config                               0x08005db3   Thumb Code   108  stm32f10x_tim.o(.text)
    .text                                    0x0800656c   Section        0  stm32f10x_spi.o(.text)
    .text                                    0x08006878   Section        0  stm32f10x_exti.o(.text)
    .text                                    0x08006994   Section        2  use_no_semi_2.o(.text)
    .text                                    0x08006996   Section        0  heapauxi.o(.text)
    .text                                    0x0800699c   Section        2  use_no_semi.o(.text)
    .text                                    0x0800699e   Section       74  sys_stackheap_outer.o(.text)
    .text                                    0x080069e8   Section        0  exit.o(.text)
    .text                                    0x080069f4   Section        8  libspace.o(.text)
    .constdata                               0x080069fc   Section     2660  lcd.o(.constdata)
    .data                                    0x20000000   Section       31  main.o(.data)
    .data                                    0x20000020   Section       20  system_stm32f10x.o(.data)
    .data                                    0x20000034   Section        1  key.o(.data)
    key_up                                   0x20000034   Data           1  key.o(.data)
    .data                                    0x20000036   Section        4  lcd.o(.data)
    .data                                    0x2000003a   Section     2903  word.o(.data)
    .data                                    0x20000b92   Section        6  timer.o(.data)
    .data                                    0x20000b98   Section        2  flash.o(.data)
    .data                                    0x20000b9a   Section        4  delay.o(.data)
    fac_us                                   0x20000b9a   Data           1  delay.o(.data)
    fac_ms                                   0x20000b9c   Data           2  delay.o(.data)
    .data                                    0x20000ba0   Section        8  usart.o(.data)
    .data                                    0x20000ba8   Section       20  stm32f10x_rcc.o(.data)
    APBAHBPrescTable                         0x20000ba8   Data          16  stm32f10x_rcc.o(.data)
    ADCPrescTable                            0x20000bb8   Data           4  stm32f10x_rcc.o(.data)
    .bss                                     0x20000bbc   Section      504  main.o(.bss)
    .bss                                     0x20000db4   Section       10  lcd.o(.bss)
    .bss                                     0x20000dbe   Section      200  usart.o(.bss)
    .bss                                     0x20000e88   Section       96  libspace.o(.bss)
    HEAP                                     0x20000ee8   Section      512  startup_stm32f10x_hd.o(HEAP)
    Heap_Mem                                 0x20000ee8   Data         512  startup_stm32f10x_hd.o(HEAP)
    STACK                                    0x200010e8   Section     1024  startup_stm32f10x_hd.o(STACK)
    Stack_Mem                                0x200010e8   Data        1024  startup_stm32f10x_hd.o(STACK)
    __initial_sp                             0x200014e8   Data           0  startup_stm32f10x_hd.o(STACK)

    Global Symbols

    Symbol Name                              Value     Ov Type        Size  Object(Section)

    BuildAttributes$$THM_ISAv4$P$D$K$B$S$PE$A:L22UL41UL21$X:L11$S22US41US21$IEEE1$IW$USESV6$~STKCKD$USESV7$~SHL$OSPACE$ROPI$EBA8$UX$STANDARDLIB$REQ8$PRES8$EABIv2 0x00000000   Number         0  anon$$obj.o ABSOLUTE
    __ARM_use_no_argv                        0x00000000   Number         0  main.o ABSOLUTE
    __ARM_exceptions_init                     - Undefined Weak Reference
    __alloca_initialize                       - Undefined Weak Reference
    __cpp_initialize__aeabi_                  - Undefined Weak Reference
    __cxa_finalize                            - Undefined Weak Reference
    __rt_locale                               - Undefined Weak Reference
    __sigvec_lookup                           - Undefined Weak Reference
    _atexit_init                              - Undefined Weak Reference
    _call_atexit_fns                          - Undefined Weak Reference
    _clock_init                               - Undefined Weak Reference
    _fp_trap_init                             - Undefined Weak Reference
    _fp_trap_shutdown                         - Undefined Weak Reference
    _get_lc_collate                           - Undefined Weak Reference
    _get_lc_ctype                             - Undefined Weak Reference
    _get_lc_monetary                          - Undefined Weak Reference
    _get_lc_numeric                           - Undefined Weak Reference
    _get_lc_time                              - Undefined Weak Reference
    _getenv_init                              - Undefined Weak Reference
    _handle_redirection                       - Undefined Weak Reference
    _init_alloc                               - Undefined Weak Reference
    _init_user_alloc                          - Undefined Weak Reference
    _initio                                   - Undefined Weak Reference
    _rand_init                                - Undefined Weak Reference
    _signal_finish                            - Undefined Weak Reference
    _signal_init                              - Undefined Weak Reference
    _terminate_alloc                          - Undefined Weak Reference
    _terminate_user_alloc                     - Undefined Weak Reference
    _terminateio                              - Undefined Weak Reference
    __Vectors_Size                           0x00000130   Number         0  startup_stm32f10x_hd.o ABSOLUTE
    __Vectors                                0x08000000   Data           4  startup_stm32f10x_hd.o(RESET)
    __Vectors_End                            0x08000130   Data           0  startup_stm32f10x_hd.o(RESET)
    __main                                   0x08000131   Thumb Code     8  __main.o(!!!main)
    __scatterload                            0x08000139   Thumb Code     0  __scatter.o(!!!scatter)
    __scatterload_rt2                        0x08000139   Thumb Code    44  __scatter.o(!!!scatter)
    __scatterload_rt2_thumb_only             0x08000139   Thumb Code     0  __scatter.o(!!!scatter)
    __scatterload_null                       0x08000147   Thumb Code     0  __scatter.o(!!!scatter)
    __decompress                             0x0800016d   Thumb Code    90  __dczerorl2.o(!!dczerorl2)
    __decompress1                            0x0800016d   Thumb Code     0  __dczerorl2.o(!!dczerorl2)
    __scatterload_zeroinit                   0x080001c9   Thumb Code    28  __scatter_zi.o(!!handler_zi)
    __rt_lib_init                            0x080001e5   Thumb Code     0  libinit.o(.ARM.Collect$$libinit$$00000000)
    __rt_lib_init_alloca_1                   0x080001e7   Thumb Code     0  libinit2.o(.ARM.Collect$$libinit$$0000002C)
    __rt_lib_init_argv_1                     0x080001e7   Thumb Code     0  libinit2.o(.ARM.Collect$$libinit$$0000002A)
    __rt_lib_init_atexit_1                   0x080001e7   Thumb Code     0  libinit2.o(.ARM.Collect$$libinit$$00000019)
    __rt_lib_init_clock_1                    0x080001e7   Thumb Code     0  libinit2.o(.ARM.Collect$$libinit$$0000001F)
    __rt_lib_init_cpp_1                      0x080001e7   Thumb Code     0  libinit2.o(.ARM.Collect$$libinit$$00000030)
    __rt_lib_init_exceptions_1               0x080001e7   Thumb Code     0  libinit2.o(.ARM.Collect$$libinit$$0000002E)
    __rt_lib_init_fp_1                       0x080001e7   Thumb Code     0  libinit2.o(.ARM.Collect$$libinit$$00000002)
    __rt_lib_init_fp_trap_1                  0x080001e7   Thumb Code     0  libinit2.o(.ARM.Collect$$libinit$$0000001D)
    __rt_lib_init_getenv_1                   0x080001e7   Thumb Code     0  libinit2.o(.ARM.Collect$$libinit$$00000021)
    __rt_lib_init_heap_1                     0x080001e7   Thumb Code     0  libinit2.o(.ARM.Collect$$libinit$$00000008)
    __rt_lib_init_lc_collate_1               0x080001e7   Thumb Code     0  libinit2.o(.ARM.Collect$$libinit$$0000000F)
    __rt_lib_init_lc_ctype_1                 0x080001e7   Thumb Code     0  libinit2.o(.ARM.Collect$$libinit$$00000011)
    __rt_lib_init_lc_monetary_1              0x080001e7   Thumb Code     0  libinit2.o(.ARM.Collect$$libinit$$00000013)
    __rt_lib_init_lc_numeric_1               0x080001e7   Thumb Code     0  libinit2.o(.ARM.Collect$$libinit$$00000015)
    __rt_lib_init_lc_time_1                  0x080001e7   Thumb Code     0  libinit2.o(.ARM.Collect$$libinit$$00000017)
    __rt_lib_init_rand_1                     0x080001e7   Thumb Code     0  libinit2.o(.ARM.Collect$$libinit$$0000000C)
    __rt_lib_init_return                     0x080001e7   Thumb Code     0  libinit2.o(.ARM.Collect$$libinit$$00000031)
    __rt_lib_init_signal_1                   0x080001e7   Thumb Code     0  libinit2.o(.ARM.Collect$$libinit$$0000001B)
    __rt_lib_init_stdio_1                    0x080001e7   Thumb Code     0  libinit2.o(.ARM.Collect$$libinit$$00000023)
    __rt_lib_init_user_alloc_1               0x080001e7   Thumb Code     0  libinit2.o(.ARM.Collect$$libinit$$0000000A)
    __rt_lib_shutdown                        0x080001e9   Thumb Code     0  libshutdown.o(.ARM.Collect$$libshutdown$$00000000)
    __rt_lib_shutdown_fp_trap_1              0x080001eb   Thumb Code     0  libshutdown2.o(.ARM.Collect$$libshutdown$$00000006)
    __rt_lib_shutdown_heap_1                 0x080001eb   Thumb Code     0  libshutdown2.o(.ARM.Collect$$libshutdown$$0000000E)
    __rt_lib_shutdown_return                 0x080001eb   Thumb Code     0  libshutdown2.o(.ARM.Collect$$libshutdown$$0000000F)
    __rt_lib_shutdown_signal_1               0x080001eb   Thumb Code     0  libshutdown2.o(.ARM.Collect$$libshutdown$$00000009)
    __rt_lib_shutdown_stdio_1                0x080001eb   Thumb Code     0  libshutdown2.o(.ARM.Collect$$libshutdown$$00000003)
    __rt_lib_shutdown_user_alloc_1           0x080001eb   Thumb Code     0  libshutdown2.o(.ARM.Collect$$libshutdown$$0000000B)
    __rt_entry                               0x080001ed   Thumb Code     0  rtentry.o(.ARM.Collect$$rtentry$$00000000)
    __rt_entry_presh_1                       0x080001ed   Thumb Code     0  rtentry2.o(.ARM.Collect$$rtentry$$00000002)
    __rt_entry_sh                            0x080001ed   Thumb Code     0  rtentry4.o(.ARM.Collect$$rtentry$$00000004)
    __rt_entry_li                            0x080001f3   Thumb Code     0  rtentry2.o(.ARM.Collect$$rtentry$$0000000A)
    __rt_entry_postsh_1                      0x080001f3   Thumb Code     0  rtentry2.o(.ARM.Collect$$rtentry$$00000009)
    __rt_entry_main                          0x080001f7   Thumb Code     0  rtentry2.o(.ARM.Collect$$rtentry$$0000000D)
    __rt_entry_postli_1                      0x080001f7   Thumb Code     0  rtentry2.o(.ARM.Collect$$rtentry$$0000000C)
    __rt_exit                                0x080001ff   Thumb Code     0  rtexit.o(.ARM.Collect$$rtexit$$00000000)
    __rt_exit_ls                             0x08000201   Thumb Code     0  rtexit2.o(.ARM.Collect$$rtexit$$00000003)
    __rt_exit_prels_1                        0x08000201   Thumb Code     0  rtexit2.o(.ARM.Collect$$rtexit$$00000002)
    __rt_exit_exit                           0x08000205   Thumb Code     0  rtexit2.o(.ARM.Collect$$rtexit$$00000004)
    main                                     0x0800020d   Thumb Code  1040  main.o(.text)
    NMI_Handler                              0x0800073d   Thumb Code     2  stm32f10x_it.o(.text)
    HardFault_Handler                        0x0800073f   Thumb Code     4  stm32f10x_it.o(.text)
    MemManage_Handler                        0x08000743   Thumb Code     4  stm32f10x_it.o(.text)
    BusFault_Handler                         0x08000747   Thumb Code     4  stm32f10x_it.o(.text)
    UsageFault_Handler                       0x0800074b   Thumb Code     4  stm32f10x_it.o(.text)
    SVC_Handler                              0x0800074f   Thumb Code     2  stm32f10x_it.o(.text)
    DebugMon_Handler                         0x08000751   Thumb Code     2  stm32f10x_it.o(.text)
    PendSV_Handler                           0x08000753   Thumb Code     2  stm32f10x_it.o(.text)
    SysTick_Handler                          0x08000755   Thumb Code     2  stm32f10x_it.o(.text)
    SystemInit                               0x08000835   Thumb Code    78  system_stm32f10x.o(.text)
    SystemCoreClockUpdate                    0x08000883   Thumb Code   142  system_stm32f10x.o(.text)
    LED_Init                                 0x08000935   Thumb Code    68  led.o(.text)
    KEY_Init                                 0x08000981   Thumb Code    52  key.o(.text)
    KEY_Scan                                 0x080009b5   Thumb Code   188  key.o(.text)
    LCD_WR_REG                               0x08000a7d   Thumb Code     6  lcd.o(.text)
    LCD_WR_DATA                              0x08000a83   Thumb Code     8  lcd.o(.text)
    LCD_RD_DATA                              0x08000a8b   Thumb Code     8  lcd.o(.text)
    LCD_WriteReg                             0x08000a93   Thumb Code    10  lcd.o(.text)
    LCD_ReadReg                              0x08000a9d   Thumb Code    22  lcd.o(.text)
    LCD_WriteRAM_Prepare                     0x08000ab3   Thumb Code    10  lcd.o(.text)
    LCD_WriteRAM                             0x08000abd   Thumb Code     8  lcd.o(.text)
    LCD_BGR2RGB                              0x08000ac5   Thumb Code    26  lcd.o(.text)
    opt_delay                                0x08000adf   Thumb Code    14  lcd.o(.text)
    LCD_SetCursor                            0x08000aed   Thumb Code   112  lcd.o(.text)
    LCD_ReadPoint                            0x08000b5d   Thumb Code   278  lcd.o(.text)
    LCD_DisplayOn                            0x08000c73   Thumb Code    46  lcd.o(.text)
    LCD_DisplayOff                           0x08000ca1   Thumb Code    44  lcd.o(.text)
    LCD_Scan_Dir                             0x08000ccd   Thumb Code   464  lcd.o(.text)
    LCD_DrawPoint                            0x08000e9d   Thumb Code    28  lcd.o(.text)
    LCD_Fast_DrawPoint                       0x08000eb9   Thumb Code   128  lcd.o(.text)
    LCD_Display_Dir                          0x08000f39   Thumb Code   238  lcd.o(.text)
    LCD_Clear                                0x08001027   Thumb Code    42  lcd.o(.text)
    LCD_Init                                 0x08001051   Thumb Code  6228  lcd.o(.text)
    LCD_Fill                                 0x080028a5   Thumb Code    80  lcd.o(.text)
    LCD_Color_Fill                           0x080028f5   Thumb Code    92  lcd.o(.text)
    LCD_DrawLine                             0x08002951   Thumb Code   176  lcd.o(.text)
    LCD_DrawRectangle                        0x08002a01   Thumb Code    60  lcd.o(.text)
    Draw_Circle                              0x08002a3d   Thumb Code   152  lcd.o(.text)
    LCD_ShowChar                             0x08002ad5   Thumb Code   362  lcd.o(.text)
    LCD_Pow                                  0x08002c3f   Thumb Code    22  lcd.o(.text)
    LCD_ShowNum                              0x08002c55   Thumb Code   148  lcd.o(.text)
    LCD_ShowxNum                             0x08002ce9   Thumb Code   190  lcd.o(.text)
    LCD_ShowString                           0x08002da7   Thumb Code   102  lcd.o(.text)
    Adc_Init                                 0x08002e21   Thumb Code   132  adc.o(.text)
    Get_Adc                                  0x08002ea5   Thumb Code    46  adc.o(.text)
    Get_Adc_Average                          0x08002ed3   Thumb Code    44  adc.o(.text)
    WORD_Init                                0x08002f09   Thumb Code  1894  word.o(.text)
    TIM2_Int_Init                            0x08003699   Thumb Code    84  timer.o(.text)
    TIM3_Int_Init                            0x080036ed   Thumb Code    80  timer.o(.text)
    TIM2_IRQHandler                          0x0800373d   Thumb Code    32  timer.o(.text)
    TIM3_IRQHandler                          0x0800375d   Thumb Code   450  timer.o(.text)
    SPI2_ReadWriteByte                       0x0800394d   Thumb Code    78  spi.o(.text)
    SPI2_Init                                0x0800399b   Thumb Code   140  spi.o(.text)
    SPI2_SetSpeed                            0x08003a27   Thumb Code    36  spi.o(.text)
    SPI_Flash_ReadID                         0x08003a55   Thumb Code    66  flash.o(.text)
    SPI_Flash_Init                           0x08003a97   Thumb Code   114  flash.o(.text)
    SPI_Flash_ReadSR                         0x08003b09   Thumb Code    38  flash.o(.text)
    SPI_FLASH_Write_SR                       0x08003b2f   Thumb Code    34  flash.o(.text)
    SPI_FLASH_Write_Enable                   0x08003b51   Thumb Code    26  flash.o(.text)
    SPI_FLASH_Write_Disable                  0x08003b6b   Thumb Code    26  flash.o(.text)
    SPI_Flash_Read                           0x08003b85   Thumb Code    76  flash.o(.text)
    SPI_Flash_Wait_Busy                      0x08003bd1   Thumb Code    16  flash.o(.text)
    SPI_Flash_Write_Page                     0x08003be1   Thumb Code    82  flash.o(.text)
    SPI_Flash_Write_NoCheck                  0x08003c33   Thumb Code    70  flash.o(.text)
    SPI_Flash_Write                          0x08003c79   Thumb Code    84  flash.o(.text)
    SPI_Flash_Erase_Chip                     0x08003ccd   Thumb Code    38  flash.o(.text)
    SPI_Flash_Erase_Sector                   0x08003cf3   Thumb Code    64  flash.o(.text)
    SPI_Flash_PowerDown                      0x08003d33   Thumb Code    32  flash.o(.text)
    SPI_Flash_WAKEUP                         0x08003d53   Thumb Code    32  flash.o(.text)
    EXTIX_Init                               0x08003d8d   Thumb Code    80  exti.o(.text)
    EXTI0_IRQHandler                         0x08003ddd   Thumb Code   188  exti.o(.text)
    delay_init                               0x08003ea9   Thumb Code    50  delay.o(.text)
    delay_us                                 0x08003edb   Thumb Code    70  delay.o(.text)
    delay_ms                                 0x08003f21   Thumb Code    70  delay.o(.text)
    NVIC_Configuration                       0x08003f79   Thumb Code    12  sys.o(.text)
    _sys_exit                                0x08003f85   Thumb Code     6  usart.o(.text)
    fputc                                    0x08003f8b   Thumb Code    22  usart.o(.text)
    uart_init                                0x08003fa1   Thumb Code   158  usart.o(.text)
    USART1_IRQHandler                        0x0800403f   Thumb Code   122  usart.o(.text)
    Reset_Handler                            0x080040c9   Thumb Code     8  startup_stm32f10x_hd.o(.text)
    ADC1_2_IRQHandler                        0x080040e3   Thumb Code     0  startup_stm32f10x_hd.o(.text)
    ADC3_IRQHandler                          0x080040e3   Thumb Code     0  startup_stm32f10x_hd.o(.text)
    CAN1_RX1_IRQHandler                      0x080040e3   Thumb Code     0  startup_stm32f10x_hd.o(.text)
    CAN1_SCE_IRQHandler                      0x080040e3   Thumb Code     0  startup_stm32f10x_hd.o(.text)
    DMA1_Channel1_IRQHandler                 0x080040e3   Thumb Code     0  startup_stm32f10x_hd.o(.text)
    DMA1_Channel2_IRQHandler                 0x080040e3   Thumb Code     0  startup_stm32f10x_hd.o(.text)
    DMA1_Channel3_IRQHandler                 0x080040e3   Thumb Code     0  startup_stm32f10x_hd.o(.text)
    DMA1_Channel4_IRQHandler                 0x080040e3   Thumb Code     0  startup_stm32f10x_hd.o(.text)
    DMA1_Channel5_IRQHandler                 0x080040e3   Thumb Code     0  startup_stm32f10x_hd.o(.text)
    DMA1_Channel6_IRQHandler                 0x080040e3   Thumb Code     0  startup_stm32f10x_hd.o(.text)
    DMA1_Channel7_IRQHandler                 0x080040e3   Thumb Code     0  startup_stm32f10x_hd.o(.text)
    DMA2_Channel1_IRQHandler                 0x080040e3   Thumb Code     0  startup_stm32f10x_hd.o(.text)
    DMA2_Channel2_IRQHandler                 0x080040e3   Thumb Code     0  startup_stm32f10x_hd.o(.text)
    DMA2_Channel3_IRQHandler                 0x080040e3   Thumb Code     0  startup_stm32f10x_hd.o(.text)
    DMA2_Channel4_5_IRQHandler               0x080040e3   Thumb Code     0  startup_stm32f10x_hd.o(.text)
    EXTI15_10_IRQHandler                     0x080040e3   Thumb Code     0  startup_stm32f10x_hd.o(.text)
    EXTI1_IRQHandler                         0x080040e3   Thumb Code     0  startup_stm32f10x_hd.o(.text)
    EXTI2_IRQHandler                         0x080040e3   Thumb Code     0  startup_stm32f10x_hd.o(.text)
    EXTI3_IRQHandler                         0x080040e3   Thumb Code     0  startup_stm32f10x_hd.o(.text)
    EXTI4_IRQHandler                         0x080040e3   Thumb Code     0  startup_stm32f10x_hd.o(.text)
    EXTI9_5_IRQHandler                       0x080040e3   Thumb Code     0  startup_stm32f10x_hd.o(.text)
    FLASH_IRQHandler                         0x080040e3   Thumb Code     0  startup_stm32f10x_hd.o(.text)
    FSMC_IRQHandler                          0x080040e3   Thumb Code     0  startup_stm32f10x_hd.o(.text)
    I2C1_ER_IRQHandler                       0x080040e3   Thumb Code     0  startup_stm32f10x_hd.o(.text)
    I2C1_EV_IRQHandler                       0x080040e3   Thumb Code     0  startup_stm32f10x_hd.o(.text)
    I2C2_ER_IRQHandler                       0x080040e3   Thumb Code     0  startup_stm32f10x_hd.o(.text)
    I2C2_EV_IRQHandler                       0x080040e3   Thumb Code     0  startup_stm32f10x_hd.o(.text)
    PVD_IRQHandler                           0x080040e3   Thumb Code     0  startup_stm32f10x_hd.o(.text)
    RCC_IRQHandler                           0x080040e3   Thumb Code     0  startup_stm32f10x_hd.o(.text)
    RTCAlarm_IRQHandler                      0x080040e3   Thumb Code     0  startup_stm32f10x_hd.o(.text)
    RTC_IRQHandler                           0x080040e3   Thumb Code     0  startup_stm32f10x_hd.o(.text)
    SDIO_IRQHandler                          0x080040e3   Thumb Code     0  startup_stm32f10x_hd.o(.text)
    SPI1_IRQHandler                          0x080040e3   Thumb Code     0  startup_stm32f10x_hd.o(.text)
    SPI2_IRQHandler                          0x080040e3   Thumb Code     0  startup_stm32f10x_hd.o(.text)
    SPI3_IRQHandler                          0x080040e3   Thumb Code     0  startup_stm32f10x_hd.o(.text)
    TAMPER_IRQHandler                        0x080040e3   Thumb Code     0  startup_stm32f10x_hd.o(.text)
    TIM1_BRK_IRQHandler                      0x080040e3   Thumb Code     0  startup_stm32f10x_hd.o(.text)
    TIM1_CC_IRQHandler                       0x080040e3   Thumb Code     0  startup_stm32f10x_hd.o(.text)
    TIM1_TRG_COM_IRQHandler                  0x080040e3   Thumb Code     0  startup_stm32f10x_hd.o(.text)
    TIM1_UP_IRQHandler                       0x080040e3   Thumb Code     0  startup_stm32f10x_hd.o(.text)
    TIM4_IRQHandler                          0x080040e3   Thumb Code     0  startup_stm32f10x_hd.o(.text)
    TIM5_IRQHandler                          0x080040e3   Thumb Code     0  startup_stm32f10x_hd.o(.text)
    TIM6_IRQHandler                          0x080040e3   Thumb Code     0  startup_stm32f10x_hd.o(.text)
    TIM7_IRQHandler                          0x080040e3   Thumb Code     0  startup_stm32f10x_hd.o(.text)
    TIM8_BRK_IRQHandler                      0x080040e3   Thumb Code     0  startup_stm32f10x_hd.o(.text)
    TIM8_CC_IRQHandler                       0x080040e3   Thumb Code     0  startup_stm32f10x_hd.o(.text)
    TIM8_TRG_COM_IRQHandler                  0x080040e3   Thumb Code     0  startup_stm32f10x_hd.o(.text)
    TIM8_UP_IRQHandler                       0x080040e3   Thumb Code     0  startup_stm32f10x_hd.o(.text)
    UART4_IRQHandler                         0x080040e3   Thumb Code     0  startup_stm32f10x_hd.o(.text)
    UART5_IRQHandler                         0x080040e3   Thumb Code     0  startup_stm32f10x_hd.o(.text)
    USART2_IRQHandler                        0x080040e3   Thumb Code     0  startup_stm32f10x_hd.o(.text)
    USART3_IRQHandler                        0x080040e3   Thumb Code     0  startup_stm32f10x_hd.o(.text)
    USBWakeUp_IRQHandler                     0x080040e3   Thumb Code     0  startup_stm32f10x_hd.o(.text)
    USB_HP_CAN1_TX_IRQHandler                0x080040e3   Thumb Code     0  startup_stm32f10x_hd.o(.text)
    USB_LP_CAN1_RX0_IRQHandler               0x080040e3   Thumb Code     0  startup_stm32f10x_hd.o(.text)
    WWDG_IRQHandler                          0x080040e3   Thumb Code     0  startup_stm32f10x_hd.o(.text)
    __user_initial_stackheap                 0x080040e5   Thumb Code     0  startup_stm32f10x_hd.o(.text)
    NVIC_PriorityGroupConfig                 0x08004109   Thumb Code    10  misc.o(.text)
    NVIC_Init                                0x08004113   Thumb Code   102  misc.o(.text)
    NVIC_SetVectorTable                      0x08004179   Thumb Code    14  misc.o(.text)
    NVIC_SystemLPConfig                      0x08004187   Thumb Code    34  misc.o(.text)
    SysTick_CLKSourceConfig                  0x080041a9   Thumb Code    40  misc.o(.text)
    ADC_DeInit                               0x080041e5   Thumb Code    78  stm32f10x_adc.o(.text)
    ADC_Init                                 0x08004233   Thumb Code    70  stm32f10x_adc.o(.text)
    ADC_StructInit                           0x08004279   Thumb Code    18  stm32f10x_adc.o(.text)
    ADC_Cmd                                  0x0800428b   Thumb Code    22  stm32f10x_adc.o(.text)
    ADC_DMACmd                               0x080042a1   Thumb Code    22  stm32f10x_adc.o(.text)
    ADC_ITConfig                             0x080042b7   Thumb Code    24  stm32f10x_adc.o(.text)
    ADC_ResetCalibration                     0x080042cf   Thumb Code    10  stm32f10x_adc.o(.text)
    ADC_GetResetCalibrationStatus            0x080042d9   Thumb Code    20  stm32f10x_adc.o(.text)
    ADC_StartCalibration                     0x080042ed   Thumb Code    10  stm32f10x_adc.o(.text)
    ADC_GetCalibrationStatus                 0x080042f7   Thumb Code    20  stm32f10x_adc.o(.text)
    ADC_SoftwareStartConvCmd                 0x0800430b   Thumb Code    22  stm32f10x_adc.o(.text)
    ADC_GetSoftwareStartConvStatus           0x08004321   Thumb Code    20  stm32f10x_adc.o(.text)
    ADC_DiscModeChannelCountConfig           0x08004335   Thumb Code    24  stm32f10x_adc.o(.text)
    ADC_DiscModeCmd                          0x0800434d   Thumb Code    22  stm32f10x_adc.o(.text)
    ADC_RegularChannelConfig                 0x08004363   Thumb Code   184  stm32f10x_adc.o(.text)
    ADC_ExternalTrigConvCmd                  0x0800441b   Thumb Code    22  stm32f10x_adc.o(.text)
    ADC_GetConversionValue                   0x08004431   Thumb Code     8  stm32f10x_adc.o(.text)
    ADC_GetDualModeConversionValue           0x08004439   Thumb Code     8  stm32f10x_adc.o(.text)
    ADC_AutoInjectedConvCmd                  0x08004441   Thumb Code    22  stm32f10x_adc.o(.text)
    ADC_InjectedDiscModeCmd                  0x08004457   Thumb Code    22  stm32f10x_adc.o(.text)
    ADC_ExternalTrigInjectedConvConfig       0x0800446d   Thumb Code    16  stm32f10x_adc.o(.text)
    ADC_ExternalTrigInjectedConvCmd          0x0800447d   Thumb Code    22  stm32f10x_adc.o(.text)
    ADC_SoftwareStartInjectedConvCmd         0x08004493   Thumb Code    22  stm32f10x_adc.o(.text)
    ADC_GetSoftwareStartInjectedConvCmdStatus 0x080044a9   Thumb Code    20  stm32f10x_adc.o(.text)
    ADC_InjectedChannelConfig                0x080044bd   Thumb Code   130  stm32f10x_adc.o(.text)
    ADC_InjectedSequencerLengthConfig        0x0800453f   Thumb Code    24  stm32f10x_adc.o(.text)
    ADC_SetInjectedOffset                    0x08004557   Thumb Code    20  stm32f10x_adc.o(.text)
    ADC_GetInjectedConversionValue           0x0800456b   Thumb Code    28  stm32f10x_adc.o(.text)
    ADC_AnalogWatchdogCmd                    0x08004587   Thumb Code    16  stm32f10x_adc.o(.text)
    ADC_AnalogWatchdogThresholdsConfig       0x08004597   Thumb Code     6  stm32f10x_adc.o(.text)
    ADC_AnalogWatchdogSingleChannelConfig    0x0800459d   Thumb Code    16  stm32f10x_adc.o(.text)
    ADC_TempSensorVrefintCmd                 0x080045ad   Thumb Code    64  stm32f10x_adc.o(.text)
    ADC_GetFlagStatus                        0x080045ed   Thumb Code    18  stm32f10x_adc.o(.text)
    ADC_ClearFlag                            0x080045ff   Thumb Code     6  stm32f10x_adc.o(.text)
    ADC_GetITStatus                          0x08004605   Thumb Code    36  stm32f10x_adc.o(.text)
    ADC_ClearITPendingBit                    0x08004629   Thumb Code    10  stm32f10x_adc.o(.text)
    FSMC_NORSRAMDeInit                       0x08004635   Thumb Code    56  stm32f10x_fsmc.o(.text)
    FSMC_NANDDeInit                          0x0800466d   Thumb Code    62  stm32f10x_fsmc.o(.text)
    FSMC_PCCARDDeInit                        0x080046ab   Thumb Code    40  stm32f10x_fsmc.o(.text)
    FSMC_NORSRAMInit                         0x080046d3   Thumb Code   224  stm32f10x_fsmc.o(.text)
    FSMC_NANDInit                            0x080047b3   Thumb Code   130  stm32f10x_fsmc.o(.text)
    FSMC_PCCARDInit                          0x08004835   Thumb Code   124  stm32f10x_fsmc.o(.text)
    FSMC_NORSRAMStructInit                   0x080048b1   Thumb Code   114  stm32f10x_fsmc.o(.text)
    FSMC_NANDStructInit                      0x08004923   Thumb Code    54  stm32f10x_fsmc.o(.text)
    FSMC_PCCARDStructInit                    0x08004959   Thumb Code    60  stm32f10x_fsmc.o(.text)
    FSMC_NORSRAMCmd                          0x08004995   Thumb Code    46  stm32f10x_fsmc.o(.text)
    FSMC_NANDCmd                             0x080049c3   Thumb Code    86  stm32f10x_fsmc.o(.text)
    FSMC_PCCARDCmd                           0x08004a19   Thumb Code    40  stm32f10x_fsmc.o(.text)
    FSMC_NANDECCCmd                          0x08004a41   Thumb Code   118  stm32f10x_fsmc.o(.text)
    FSMC_GetECC                              0x08004ab7   Thumb Code    22  stm32f10x_fsmc.o(.text)
    FSMC_ITConfig                            0x08004acd   Thumb Code   128  stm32f10x_fsmc.o(.text)
    FSMC_GetFlagStatus                       0x08004b4d   Thumb Code    48  stm32f10x_fsmc.o(.text)
    FSMC_ClearFlag                           0x08004b7d   Thumb Code    62  stm32f10x_fsmc.o(.text)
    FSMC_GetITStatus                         0x08004bbb   Thumb Code    60  stm32f10x_fsmc.o(.text)
    FSMC_ClearITPendingBit                   0x08004bf7   Thumb Code    64  stm32f10x_fsmc.o(.text)
    GPIO_DeInit                              0x08004c4d   Thumb Code   172  stm32f10x_gpio.o(.text)
    GPIO_AFIODeInit                          0x08004cf9   Thumb Code    20  stm32f10x_gpio.o(.text)
    GPIO_Init                                0x08004d0d   Thumb Code   274  stm32f10x_gpio.o(.text)
    GPIO_StructInit                          0x08004e1f   Thumb Code    16  stm32f10x_gpio.o(.text)
    GPIO_ReadInputDataBit                    0x08004e2f   Thumb Code    18  stm32f10x_gpio.o(.text)
    GPIO_ReadInputData                       0x08004e41   Thumb Code     8  stm32f10x_gpio.o(.text)
    GPIO_ReadOutputDataBit                   0x08004e49   Thumb Code    18  stm32f10x_gpio.o(.text)
    GPIO_ReadOutputData                      0x08004e5b   Thumb Code     8  stm32f10x_gpio.o(.text)
    GPIO_SetBits                             0x08004e63   Thumb Code     4  stm32f10x_gpio.o(.text)
    GPIO_ResetBits                           0x08004e67   Thumb Code     4  stm32f10x_gpio.o(.text)
    GPIO_WriteBit                            0x08004e6b   Thumb Code    10  stm32f10x_gpio.o(.text)
    GPIO_Write                               0x08004e75   Thumb Code     4  stm32f10x_gpio.o(.text)
    GPIO_PinLockConfig                       0x08004e79   Thumb Code    18  stm32f10x_gpio.o(.text)
    GPIO_EventOutputConfig                   0x08004e8b   Thumb Code    26  stm32f10x_gpio.o(.text)
    GPIO_EventOutputCmd                      0x08004ea5   Thumb Code     6  stm32f10x_gpio.o(.text)
    GPIO_PinRemapConfig                      0x08004eab   Thumb Code   138  stm32f10x_gpio.o(.text)
    GPIO_EXTILineConfig                      0x08004f35   Thumb Code    66  stm32f10x_gpio.o(.text)
    GPIO_ETH_MediaInterfaceConfig            0x08004f77   Thumb Code     6  stm32f10x_gpio.o(.text)
    RCC_DeInit                               0x08004fa5   Thumb Code    64  stm32f10x_rcc.o(.text)
    RCC_HSEConfig                            0x08004fe5   Thumb Code    70  stm32f10x_rcc.o(.text)
    RCC_GetFlagStatus                        0x0800502b   Thumb Code    56  stm32f10x_rcc.o(.text)
    RCC_WaitForHSEStartUp                    0x08005063   Thumb Code    56  stm32f10x_rcc.o(.text)
    RCC_AdjustHSICalibrationValue            0x0800509b   Thumb Code    20  stm32f10x_rcc.o(.text)
    RCC_HSICmd                               0x080050af   Thumb Code     6  stm32f10x_rcc.o(.text)
    RCC_PLLConfig                            0x080050b5   Thumb Code    24  stm32f10x_rcc.o(.text)
    RCC_PLLCmd                               0x080050cd   Thumb Code     6  stm32f10x_rcc.o(.text)
    RCC_SYSCLKConfig                         0x080050d3   Thumb Code    18  stm32f10x_rcc.o(.text)
    RCC_GetSYSCLKSource                      0x080050e5   Thumb Code    10  stm32f10x_rcc.o(.text)
    RCC_HCLKConfig                           0x080050ef   Thumb Code    18  stm32f10x_rcc.o(.text)
    RCC_PCLK1Config                          0x08005101   Thumb Code    18  stm32f10x_rcc.o(.text)
    RCC_PCLK2Config                          0x08005113   Thumb Code    20  stm32f10x_rcc.o(.text)
    RCC_ITConfig                             0x08005127   Thumb Code    26  stm32f10x_rcc.o(.text)
    RCC_USBCLKConfig                         0x08005141   Thumb Code     6  stm32f10x_rcc.o(.text)
    RCC_ADCCLKConfig                         0x08005147   Thumb Code    18  stm32f10x_rcc.o(.text)
    RCC_LSEConfig                            0x08005159   Thumb Code    44  stm32f10x_rcc.o(.text)
    RCC_LSICmd                               0x08005185   Thumb Code     6  stm32f10x_rcc.o(.text)
    RCC_RTCCLKConfig                         0x0800518b   Thumb Code    12  stm32f10x_rcc.o(.text)
    RCC_RTCCLKCmd                            0x08005197   Thumb Code     8  stm32f10x_rcc.o(.text)
    RCC_GetClocksFreq                        0x0800519f   Thumb Code   192  stm32f10x_rcc.o(.text)
    RCC_AHBPeriphClockCmd                    0x0800525f   Thumb Code    26  stm32f10x_rcc.o(.text)
    RCC_APB2PeriphClockCmd                   0x08005279   Thumb Code    26  stm32f10x_rcc.o(.text)
    RCC_APB1PeriphClockCmd                   0x08005293   Thumb Code    26  stm32f10x_rcc.o(.text)
    RCC_APB2PeriphResetCmd                   0x080052ad   Thumb Code    26  stm32f10x_rcc.o(.text)
    RCC_APB1PeriphResetCmd                   0x080052c7   Thumb Code    26  stm32f10x_rcc.o(.text)
    RCC_BackupResetCmd                       0x080052e1   Thumb Code     8  stm32f10x_rcc.o(.text)
    RCC_ClockSecuritySystemCmd               0x080052e9   Thumb Code     6  stm32f10x_rcc.o(.text)
    RCC_MCOConfig                            0x080052ef   Thumb Code     6  stm32f10x_rcc.o(.text)
    RCC_ClearFlag                            0x080052f5   Thumb Code    14  stm32f10x_rcc.o(.text)
    RCC_GetITStatus                          0x08005303   Thumb Code    20  stm32f10x_rcc.o(.text)
    RCC_ClearITPendingBit                    0x08005317   Thumb Code     6  stm32f10x_rcc.o(.text)
    USART_DeInit                             0x08005349   Thumb Code   134  stm32f10x_usart.o(.text)
    USART_Init                               0x080053cf   Thumb Code   210  stm32f10x_usart.o(.text)
    USART_StructInit                         0x080054a1   Thumb Code    24  stm32f10x_usart.o(.text)
    USART_ClockInit                          0x080054b9   Thumb Code    34  stm32f10x_usart.o(.text)
    USART_ClockStructInit                    0x080054db   Thumb Code    12  stm32f10x_usart.o(.text)
    USART_Cmd                                0x080054e7   Thumb Code    24  stm32f10x_usart.o(.text)
    USART_ITConfig                           0x080054ff   Thumb Code    74  stm32f10x_usart.o(.text)
    USART_DMACmd                             0x08005549   Thumb Code    18  stm32f10x_usart.o(.text)
    USART_SetAddress                         0x0800555b   Thumb Code    18  stm32f10x_usart.o(.text)
    USART_WakeUpConfig                       0x0800556d   Thumb Code    18  stm32f10x_usart.o(.text)
    USART_ReceiverWakeUpCmd                  0x0800557f   Thumb Code    24  stm32f10x_usart.o(.text)
    USART_LINBreakDetectLengthConfig         0x08005597   Thumb Code    18  stm32f10x_usart.o(.text)
    USART_LINCmd                             0x080055a9   Thumb Code    24  stm32f10x_usart.o(.text)
    USART_SendData                           0x080055c1   Thumb Code     8  stm32f10x_usart.o(.text)
    USART_ReceiveData                        0x080055c9   Thumb Code    10  stm32f10x_usart.o(.text)
    USART_SendBreak                          0x080055d3   Thumb Code    10  stm32f10x_usart.o(.text)
    USART_SetGuardTime                       0x080055dd   Thumb Code    16  stm32f10x_usart.o(.text)
    USART_SetPrescaler                       0x080055ed   Thumb Code    16  stm32f10x_usart.o(.text)
    USART_SmartCardCmd                       0x080055fd   Thumb Code    24  stm32f10x_usart.o(.text)
    USART_SmartCardNACKCmd                   0x08005615   Thumb Code    24  stm32f10x_usart.o(.text)
    USART_HalfDuplexCmd                      0x0800562d   Thumb Code    24  stm32f10x_usart.o(.text)
    USART_OverSampling8Cmd                   0x08005645   Thumb Code    22  stm32f10x_usart.o(.text)
    USART_OneBitMethodCmd                    0x0800565b   Thumb Code    24  stm32f10x_usart.o(.text)
    USART_IrDAConfig                         0x08005673   Thumb Code    18  stm32f10x_usart.o(.text)
    USART_IrDACmd                            0x08005685   Thumb Code    24  stm32f10x_usart.o(.text)
    USART_GetFlagStatus                      0x0800569d   Thumb Code    26  stm32f10x_usart.o(.text)
    USART_ClearFlag                          0x080056b7   Thumb Code    18  stm32f10x_usart.o(.text)
    USART_GetITStatus                        0x080056c9   Thumb Code    84  stm32f10x_usart.o(.text)
    USART_ClearITPendingBit                  0x0800571d   Thumb Code    52  stm32f10x_usart.o(.text)
    TIM_DeInit                               0x08005751   Thumb Code   424  stm32f10x_tim.o(.text)
    TIM_TimeBaseInit                         0x080058f9   Thumb Code   122  stm32f10x_tim.o(.text)
    TIM_OC1Init                              0x08005973   Thumb Code   132  stm32f10x_tim.o(.text)
    TIM_OC2Init                              0x080059f7   Thumb Code   154  stm32f10x_tim.o(.text)
    TIM_OC3Init                              0x08005a91   Thumb Code   150  stm32f10x_tim.o(.text)
    TIM_OC4Init                              0x08005b27   Thumb Code   182  stm32f10x_tim.o(.text)
    TIM_SetIC4Prescaler                      0x08005bdd   Thumb Code    26  stm32f10x_tim.o(.text)
    TIM_SetIC3Prescaler                      0x08005c79   Thumb Code    18  stm32f10x_tim.o(.text)
    TIM_SetIC2Prescaler                      0x08005d05   Thumb Code    26  stm32f10x_tim.o(.text)
    TIM_SetIC1Prescaler                      0x08005da1   Thumb Code    18  stm32f10x_tim.o(.text)
    TIM_ICInit                               0x08005e1f   Thumb Code   150  stm32f10x_tim.o(.text)
    TIM_PWMIConfig                           0x08005eb5   Thumb Code   124  stm32f10x_tim.o(.text)
    TIM_BDTRConfig                           0x08005f31   Thumb Code    32  stm32f10x_tim.o(.text)
    TIM_TimeBaseStructInit                   0x08005f51   Thumb Code    18  stm32f10x_tim.o(.text)
    TIM_OCStructInit                         0x08005f63   Thumb Code    20  stm32f10x_tim.o(.text)
    TIM_ICStructInit                         0x08005f77   Thumb Code    18  stm32f10x_tim.o(.text)
    TIM_BDTRStructInit                       0x08005f89   Thumb Code    40  stm32f10x_tim.o(.text)
    TIM_Cmd                                  0x08005fb1   Thumb Code    24  stm32f10x_tim.o(.text)
    TIM_CtrlPWMOutputs                       0x08005fc9   Thumb Code    30  stm32f10x_tim.o(.text)
    TIM_ITConfig                             0x08005fe7   Thumb Code    18  stm32f10x_tim.o(.text)
    TIM_GenerateEvent                        0x08005ff9   Thumb Code     4  stm32f10x_tim.o(.text)
    TIM_DMAConfig                            0x08005ffd   Thumb Code    10  stm32f10x_tim.o(.text)
    TIM_DMACmd                               0x08006007   Thumb Code    18  stm32f10x_tim.o(.text)
    TIM_InternalClockConfig                  0x08006019   Thumb Code    12  stm32f10x_tim.o(.text)
    TIM_SelectInputTrigger                   0x08006025   Thumb Code    18  stm32f10x_tim.o(.text)
    TIM_ITRxExternalClockConfig              0x08006037   Thumb Code    24  stm32f10x_tim.o(.text)
    TIM_TIxExternalClockConfig               0x0800604f   Thumb Code    62  stm32f10x_tim.o(.text)
    TIM_ETRConfig                            0x0800608d   Thumb Code    28  stm32f10x_tim.o(.text)
    TIM_ETRClockMode1Config                  0x080060a9   Thumb Code    54  stm32f10x_tim.o(.text)
    TIM_ETRClockMode2Config                  0x080060df   Thumb Code    32  stm32f10x_tim.o(.text)
    TIM_PrescalerConfig                      0x080060ff   Thumb Code     6  stm32f10x_tim.o(.text)
    TIM_CounterModeConfig                    0x08006105   Thumb Code    18  stm32f10x_tim.o(.text)
    TIM_EncoderInterfaceConfig               0x08006117   Thumb Code    66  stm32f10x_tim.o(.text)
    TIM_ForcedOC1Config                      0x08006159   Thumb Code    18  stm32f10x_tim.o(.text)
    TIM_ForcedOC2Config                      0x0800616b   Thumb Code    26  stm32f10x_tim.o(.text)
    TIM_ForcedOC3Config                      0x08006185   Thumb Code    18  stm32f10x_tim.o(.text)
    TIM_ForcedOC4Config                      0x08006197   Thumb Code    26  stm32f10x_tim.o(.text)
    TIM_ARRPreloadConfig                     0x080061b1   Thumb Code    24  stm32f10x_tim.o(.text)
    TIM_SelectCOM                            0x080061c9   Thumb Code    24  stm32f10x_tim.o(.text)
    TIM_SelectCCDMA                          0x080061e1   Thumb Code    24  stm32f10x_tim.o(.text)
    TIM_CCPreloadControl                     0x080061f9   Thumb Code    24  stm32f10x_tim.o(.text)
    TIM_OC1PreloadConfig                     0x08006211   Thumb Code    18  stm32f10x_tim.o(.text)
    TIM_OC2PreloadConfig                     0x08006223   Thumb Code    26  stm32f10x_tim.o(.text)
    TIM_OC3PreloadConfig                     0x0800623d   Thumb Code    18  stm32f10x_tim.o(.text)
    TIM_OC4PreloadConfig                     0x0800624f   Thumb Code    26  stm32f10x_tim.o(.text)
    TIM_OC1FastConfig                        0x08006269   Thumb Code    18  stm32f10x_tim.o(.text)
    TIM_OC2FastConfig                        0x0800627b   Thumb Code    26  stm32f10x_tim.o(.text)
    TIM_OC3FastConfig                        0x08006295   Thumb Code    18  stm32f10x_tim.o(.text)
    TIM_OC4FastConfig                        0x080062a7   Thumb Code    26  stm32f10x_tim.o(.text)
    TIM_ClearOC1Ref                          0x080062c1   Thumb Code    18  stm32f10x_tim.o(.text)
    TIM_ClearOC2Ref                          0x080062d3   Thumb Code    24  stm32f10x_tim.o(.text)
    TIM_ClearOC3Ref                          0x080062eb   Thumb Code    18  stm32f10x_tim.o(.text)
    TIM_ClearOC4Ref                          0x080062fd   Thumb Code    24  stm32f10x_tim.o(.text)
    TIM_OC1PolarityConfig                    0x08006315   Thumb Code    18  stm32f10x_tim.o(.text)
    TIM_OC1NPolarityConfig                   0x08006327   Thumb Code    18  stm32f10x_tim.o(.text)
    TIM_OC2PolarityConfig                    0x08006339   Thumb Code    26  stm32f10x_tim.o(.text)
    TIM_OC2NPolarityConfig                   0x08006353   Thumb Code    26  stm32f10x_tim.o(.text)
    TIM_OC3PolarityConfig                    0x0800636d   Thumb Code    26  stm32f10x_tim.o(.text)
    TIM_OC3NPolarityConfig                   0x08006387   Thumb Code    26  stm32f10x_tim.o(.text)
    TIM_OC4PolarityConfig                    0x080063a1   Thumb Code    26  stm32f10x_tim.o(.text)
    TIM_CCxCmd                               0x080063bb   Thumb Code    30  stm32f10x_tim.o(.text)
    TIM_CCxNCmd                              0x080063d9   Thumb Code    30  stm32f10x_tim.o(.text)
    TIM_SelectOCxM                           0x080063f7   Thumb Code    82  stm32f10x_tim.o(.text)
    TIM_UpdateDisableConfig                  0x08006449   Thumb Code    24  stm32f10x_tim.o(.text)
    TIM_UpdateRequestConfig                  0x08006461   Thumb Code    24  stm32f10x_tim.o(.text)
    TIM_SelectHallSensor                     0x08006479   Thumb Code    24  stm32f10x_tim.o(.text)
    TIM_SelectOnePulseMode                   0x08006491   Thumb Code    18  stm32f10x_tim.o(.text)
    TIM_SelectOutputTrigger                  0x080064a3   Thumb Code    18  stm32f10x_tim.o(.text)
    TIM_SelectSlaveMode                      0x080064b5   Thumb Code    18  stm32f10x_tim.o(.text)
    TIM_SelectMasterSlaveMode                0x080064c7   Thumb Code    18  stm32f10x_tim.o(.text)
    TIM_SetCounter                           0x080064d9   Thumb Code     4  stm32f10x_tim.o(.text)
    TIM_SetAutoreload                        0x080064dd   Thumb Code     4  stm32f10x_tim.o(.text)
    TIM_SetCompare1                          0x080064e1   Thumb Code     4  stm32f10x_tim.o(.text)
    TIM_SetCompare2                          0x080064e5   Thumb Code     4  stm32f10x_tim.o(.text)
    TIM_SetCompare3                          0x080064e9   Thumb Code     4  stm32f10x_tim.o(.text)
    TIM_SetCompare4                          0x080064ed   Thumb Code     6  stm32f10x_tim.o(.text)
    TIM_SetClockDivision                     0x080064f3   Thumb Code    18  stm32f10x_tim.o(.text)
    TIM_GetCapture1                          0x08006505   Thumb Code     6  stm32f10x_tim.o(.text)
    TIM_GetCapture2                          0x0800650b   Thumb Code     6  stm32f10x_tim.o(.text)
    TIM_GetCapture3                          0x08006511   Thumb Code     6  stm32f10x_tim.o(.text)
    TIM_GetCapture4                          0x08006517   Thumb Code     8  stm32f10x_tim.o(.text)
    TIM_GetCounter                           0x0800651f   Thumb Code     6  stm32f10x_tim.o(.text)
    TIM_GetPrescaler                         0x08006525   Thumb Code     6  stm32f10x_tim.o(.text)
    TIM_GetFlagStatus                        0x0800652b   Thumb Code    18  stm32f10x_tim.o(.text)
    TIM_ClearFlag                            0x0800653d   Thumb Code     6  stm32f10x_tim.o(.text)
    TIM_GetITStatus                          0x08006543   Thumb Code    34  stm32f10x_tim.o(.text)
    TIM_ClearITPendingBit                    0x08006565   Thumb Code     6  stm32f10x_tim.o(.text)
    SPI_I2S_DeInit                           0x0800656d   Thumb Code    76  stm32f10x_spi.o(.text)
    SPI_Init                                 0x080065b9   Thumb Code    60  stm32f10x_spi.o(.text)
    I2S_Init                                 0x080065f5   Thumb Code   226  stm32f10x_spi.o(.text)
    SPI_StructInit                           0x080066d7   Thumb Code    24  stm32f10x_spi.o(.text)
    I2S_StructInit                           0x080066ef   Thumb Code    20  stm32f10x_spi.o(.text)
    SPI_Cmd                                  0x08006703   Thumb Code    24  stm32f10x_spi.o(.text)
    I2S_Cmd                                  0x0800671b   Thumb Code    24  stm32f10x_spi.o(.text)
    SPI_I2S_ITConfig                         0x08006733   Thumb Code    32  stm32f10x_spi.o(.text)
    SPI_I2S_DMACmd                           0x08006753   Thumb Code    18  stm32f10x_spi.o(.text)
    SPI_I2S_SendData                         0x08006765   Thumb Code     4  stm32f10x_spi.o(.text)
    SPI_I2S_ReceiveData                      0x08006769   Thumb Code     6  stm32f10x_spi.o(.text)
    SPI_NSSInternalSoftwareConfig            0x0800676f   Thumb Code    30  stm32f10x_spi.o(.text)
    SPI_SSOutputCmd                          0x0800678d   Thumb Code    24  stm32f10x_spi.o(.text)
    SPI_DataSizeConfig                       0x080067a5   Thumb Code    18  stm32f10x_spi.o(.text)
    SPI_TransmitCRC                          0x080067b7   Thumb Code    10  stm32f10x_spi.o(.text)
    SPI_CalculateCRC                         0x080067c1   Thumb Code    24  stm32f10x_spi.o(.text)
    SPI_GetCRC                               0x080067d9   Thumb Code    16  stm32f10x_spi.o(.text)
    SPI_GetCRCPolynomial                     0x080067e9   Thumb Code     6  stm32f10x_spi.o(.text)
    SPI_BiDirectionalLineConfig              0x080067ef   Thumb Code    28  stm32f10x_spi.o(.text)
    SPI_I2S_GetFlagStatus                    0x0800680b   Thumb Code    18  stm32f10x_spi.o(.text)
    SPI_I2S_ClearFlag                        0x0800681d   Thumb Code     6  stm32f10x_spi.o(.text)
    SPI_I2S_GetITStatus                      0x08006823   Thumb Code    52  stm32f10x_spi.o(.text)
    SPI_I2S_ClearITPendingBit                0x08006857   Thumb Code    20  stm32f10x_spi.o(.text)
    EXTI_DeInit                              0x08006879   Thumb Code    28  stm32f10x_exti.o(.text)
    EXTI_Init                                0x08006895   Thumb Code   142  stm32f10x_exti.o(.text)
    EXTI_StructInit                          0x08006923   Thumb Code    16  stm32f10x_exti.o(.text)
    EXTI_GenerateSWInterrupt                 0x08006933   Thumb Code    16  stm32f10x_exti.o(.text)
    EXTI_GetFlagStatus                       0x08006943   Thumb Code    22  stm32f10x_exti.o(.text)
    EXTI_ClearFlag                           0x08006959   Thumb Code     8  stm32f10x_exti.o(.text)
    EXTI_GetITStatus                         0x08006961   Thumb Code    34  stm32f10x_exti.o(.text)
    EXTI_ClearITPendingBit                   0x08006983   Thumb Code     8  stm32f10x_exti.o(.text)
    __use_no_semihosting                     0x08006995   Thumb Code     2  use_no_semi_2.o(.text)
    __use_two_region_memory                  0x08006997   Thumb Code     2  heapauxi.o(.text)
    __rt_heap_escrow$2region                 0x08006999   Thumb Code     2  heapauxi.o(.text)
    __rt_heap_expand$2region                 0x0800699b   Thumb Code     2  heapauxi.o(.text)
    __I$use$semihosting                      0x0800699d   Thumb Code     0  use_no_semi.o(.text)
    __use_no_semihosting_swi                 0x0800699d   Thumb Code     2  use_no_semi.o(.text)
    __user_setup_stackheap                   0x0800699f   Thumb Code    74  sys_stackheap_outer.o(.text)
    exit                                     0x080069e9   Thumb Code    12  exit.o(.text)
    __user_libspace                          0x080069f5   Thumb Code     8  libspace.o(.text)
    __user_perproc_libspace                  0x080069f5   Thumb Code     0  libspace.o(.text)
    __user_perthread_libspace                0x080069f5   Thumb Code     0  libspace.o(.text)
    asc2_1206                                0x080069fc   Data        1140  lcd.o(.constdata)
    asc2_1608                                0x08006e70   Data        1520  lcd.o(.constdata)
    Region$$Table$$Base                      0x08007460   Number         0  anon$$obj.o(Region$$Table)
    Region$$Table$$Limit                     0x08007480   Number         0  anon$$obj.o(Region$$Table)
    flag                                     0x20000000   Data           1  main.o(.data)
    flag1                                    0x20000001   Data           1  main.o(.data)
    flag2                                    0x20000002   Data           1  main.o(.data)
    flag3                                    0x20000003   Data           1  main.o(.data)
    time_collect                             0x20000004   Data           4  main.o(.data)
    data_residue                             0x20000008   Data           2  main.o(.data)
    m                                        0x2000000a   Data           2  main.o(.data)
    n                                        0x2000000c   Data           2  main.o(.data)
    k                                        0x2000000e   Data           2  main.o(.data)
    temp                                     0x20000010   Data           1  main.o(.data)
    temp1                                    0x20000011   Data           1  main.o(.data)
    temp2                                    0x20000012   Data           1  main.o(.data)
    temp3                                    0x20000013   Data           1  main.o(.data)
    flag_cycle                               0x20000014   Data           1  main.o(.data)
    flag_cycle_1                             0x20000015   Data           1  main.o(.data)
    counter                                  0x20000016   Data           2  main.o(.data)
    FLASH_SIZE                               0x20000018   Data           4  main.o(.data)
    adcx                                     0x2000001c   Data           2  main.o(.data)
    key                                      0x2000001e   Data           1  main.o(.data)
    SystemCoreClock                          0x20000020   Data           4  system_stm32f10x.o(.data)
    AHBPrescTable                            0x20000024   Data          16  system_stm32f10x.o(.data)
    POINT_COLOR                              0x20000036   Data           2  lcd.o(.data)
    BACK_COLOR                               0x20000038   Data           2  lcd.o(.data)
    table0                                   0x2000003a   Data         220  word.o(.data)
    table1                                   0x20000116   Data         195  word.o(.data)
    table2                                   0x200001d9   Data         220  word.o(.data)
    table3                                   0x200002b5   Data         220  word.o(.data)
    table4                                   0x20000391   Data         220  word.o(.data)
    table5                                   0x2000046d   Data         220  word.o(.data)
    table6                                   0x20000549   Data         132  word.o(.data)
    table7                                   0x200005cd   Data         132  word.o(.data)
    table8                                   0x20000651   Data          56  word.o(.data)
    table9                                   0x20000689   Data          56  word.o(.data)
    table10                                  0x200006c1   Data          84  word.o(.data)
    table11                                  0x20000715   Data          56  word.o(.data)
    table12                                  0x2000074d   Data          56  word.o(.data)
    table13                                  0x20000785   Data         112  word.o(.data)
    table14                                  0x200007f5   Data         132  word.o(.data)
    table15                                  0x20000879   Data         132  word.o(.data)
    table16                                  0x200008fd   Data         132  word.o(.data)
    table17                                  0x20000981   Data         132  word.o(.data)
    table18                                  0x20000a05   Data         132  word.o(.data)
    table19                                  0x20000a89   Data         132  word.o(.data)
    table20                                  0x20000b0d   Data         132  word.o(.data)
    t                                        0x20000b92   Data           2  timer.o(.data)
    i                                        0x20000b94   Data           2  timer.o(.data)
    j                                        0x20000b96   Data           2  timer.o(.data)
    SPI_FLASH_TYPE                           0x20000b98   Data           2  flash.o(.data)
    USART_RX_STA                             0x20000ba0   Data           2  usart.o(.data)
    __stdout                                 0x20000ba4   Data           4  usart.o(.data)
    TEXT_Buffer1                             0x20000bbc   Data         252  main.o(.bss)
    TEXT_Buffer2                             0x20000cb8   Data         252  main.o(.bss)
    lcddev                                   0x20000db4   Data          10  lcd.o(.bss)
    USART_RX_BUF                             0x20000dbe   Data         200  usart.o(.bss)
    __libspace_start                         0x20000e88   Data          96  libspace.o(.bss)
    __temporary_stack_top$libspace           0x20000ee8   Data           0  libspace.o(.bss)



==============================================================================

Memory Map of the image

  Image Entry point : 0x08000131

  Load Region LR_IROM1 (Base: 0x08000000, Size: 0x0000803c, Max: 0x00080000, ABSOLUTE, COMPRESSED[0x00007a88])

    Execution Region ER_IROM1 (Base: 0x08000000, Size: 0x00007480, Max: 0x00080000, ABSOLUTE)

    Base Addr    Size         Type   Attr      Idx    E Section Name        Object

    0x08000000   0x00000130   Data   RO          452    RESET               startup_stm32f10x_hd.o
    0x08000130   0x00000008   Code   RO          585  * !!!main             c_w.l(__main.o)
    0x08000138   0x00000034   Code   RO          739    !!!scatter          c_w.l(__scatter.o)
    0x0800016c   0x0000005a   Code   RO          737    !!dczerorl2         c_w.l(__dczerorl2.o)
    0x080001c6   0x00000002   PAD
    0x080001c8   0x0000001c   Code   RO          741    !!handler_zi        c_w.l(__scatter_zi.o)
    0x080001e4   0x00000002   Code   RO          614    .ARM.Collect$$libinit$$00000000  c_w.l(libinit.o)
    0x080001e6   0x00000000   Code   RO          621    .ARM.Collect$$libinit$$00000002  c_w.l(libinit2.o)
    0x080001e6   0x00000000   Code   RO          624    .ARM.Collect$$libinit$$00000008  c_w.l(libinit2.o)
    0x080001e6   0x00000000   Code   RO          626    .ARM.Collect$$libinit$$0000000A  c_w.l(libinit2.o)
    0x080001e6   0x00000000   Code   RO          628    .ARM.Collect$$libinit$$0000000C  c_w.l(libinit2.o)
    0x080001e6   0x00000000   Code   RO          631    .ARM.Collect$$libinit$$0000000F  c_w.l(libinit2.o)
    0x080001e6   0x00000000   Code   RO          633    .ARM.Collect$$libinit$$00000011  c_w.l(libinit2.o)
    0x080001e6   0x00000000   Code   RO          635    .ARM.Collect$$libinit$$00000013  c_w.l(libinit2.o)
    0x080001e6   0x00000000   Code   RO          637    .ARM.Collect$$libinit$$00000015  c_w.l(libinit2.o)
    0x080001e6   0x00000000   Code   RO          639    .ARM.Collect$$libinit$$00000017  c_w.l(libinit2.o)
    0x080001e6   0x00000000   Code   RO          641    .ARM.Collect$$libinit$$00000019  c_w.l(libinit2.o)
    0x080001e6   0x00000000   Code   RO          643    .ARM.Collect$$libinit$$0000001B  c_w.l(libinit2.o)
    0x080001e6   0x00000000   Code   RO          645    .ARM.Collect$$libinit$$0000001D  c_w.l(libinit2.o)
    0x080001e6   0x00000000   Code   RO          647    .ARM.Collect$$libinit$$0000001F  c_w.l(libinit2.o)
    0x080001e6   0x00000000   Code   RO          649    .ARM.Collect$$libinit$$00000021  c_w.l(libinit2.o)
    0x080001e6   0x00000000   Code   RO          651    .ARM.Collect$$libinit$$00000023  c_w.l(libinit2.o)
    0x080001e6   0x00000000   Code   RO          655    .ARM.Collect$$libinit$$0000002A  c_w.l(libinit2.o)
    0x080001e6   0x00000000   Code   RO          657    .ARM.Collect$$libinit$$0000002C  c_w.l(libinit2.o)
    0x080001e6   0x00000000   Code   RO          659    .ARM.Collect$$libinit$$0000002E  c_w.l(libinit2.o)
    0x080001e6   0x00000000   Code   RO          661    .ARM.Collect$$libinit$$00000030  c_w.l(libinit2.o)
    0x080001e6   0x00000002   Code   RO          662    .ARM.Collect$$libinit$$00000031  c_w.l(libinit2.o)
    0x080001e8   0x00000002   Code   RO          680    .ARM.Collect$$libshutdown$$00000000  c_w.l(libshutdown.o)
    0x080001ea   0x00000000   Code   RO          691    .ARM.Collect$$libshutdown$$00000003  c_w.l(libshutdown2.o)
    0x080001ea   0x00000000   Code   RO          694    .ARM.Collect$$libshutdown$$00000006  c_w.l(libshutdown2.o)
    0x080001ea   0x00000000   Code   RO          697    .ARM.Collect$$libshutdown$$00000009  c_w.l(libshutdown2.o)
    0x080001ea   0x00000000   Code   RO          699    .ARM.Collect$$libshutdown$$0000000B  c_w.l(libshutdown2.o)
    0x080001ea   0x00000000   Code   RO          702    .ARM.Collect$$libshutdown$$0000000E  c_w.l(libshutdown2.o)
    0x080001ea   0x00000002   Code   RO          703    .ARM.Collect$$libshutdown$$0000000F  c_w.l(libshutdown2.o)
    0x080001ec   0x00000000   Code   RO          589    .ARM.Collect$$rtentry$$00000000  c_w.l(rtentry.o)
    0x080001ec   0x00000000   Code   RO          591    .ARM.Collect$$rtentry$$00000002  c_w.l(rtentry2.o)
    0x080001ec   0x00000006   Code   RO          603    .ARM.Collect$$rtentry$$00000004  c_w.l(rtentry4.o)
    0x080001f2   0x00000000   Code   RO          593    .ARM.Collect$$rtentry$$00000009  c_w.l(rtentry2.o)
    0x080001f2   0x00000004   Code   RO          594    .ARM.Collect$$rtentry$$0000000A  c_w.l(rtentry2.o)
    0x080001f6   0x00000000   Code   RO          596    .ARM.Collect$$rtentry$$0000000C  c_w.l(rtentry2.o)
    0x080001f6   0x00000008   Code   RO          597    .ARM.Collect$$rtentry$$0000000D  c_w.l(rtentry2.o)
    0x080001fe   0x00000002   Code   RO          618    .ARM.Collect$$rtexit$$00000000  c_w.l(rtexit.o)
    0x08000200   0x00000000   Code   RO          664    .ARM.Collect$$rtexit$$00000002  c_w.l(rtexit2.o)
    0x08000200   0x00000004   Code   RO          665    .ARM.Collect$$rtexit$$00000003  c_w.l(rtexit2.o)
    0x08000204   0x00000006   Code   RO          666    .ARM.Collect$$rtexit$$00000004  c_w.l(rtexit2.o)
    0x0800020a   0x00000002   PAD
    0x0800020c   0x00000530   Code   RO            1    .text               main.o
    0x0800073c   0x0000001a   Code   RO          109    .text               stm32f10x_it.o
    0x08000756   0x00000002   PAD
    0x08000758   0x000001dc   Code   RO          168    .text               system_stm32f10x.o
    0x08000934   0x0000004c   Code   RO          186    .text               led.o
    0x08000980   0x000000fc   Code   RO          227    .text               key.o
    0x08000a7c   0x000023a4   Code   RO          246    .text               lcd.o
    0x08002e20   0x000000e8   Code   RO          273    .text               adc.o
    0x08002f08   0x00000790   Code   RO          288    .text               word.o
    0x08003698   0x000002b4   Code   RO          317    .text               timer.o
    0x0800394c   0x00000108   Code   RO          340    .text               spi.o
    0x08003a54   0x00000338   Code   RO          355    .text               flash.o
    0x08003d8c   0x0000011c   Code   RO          374    .text               exti.o
    0x08003ea8   0x000000d0   Code   RO          390    .text               delay.o
    0x08003f78   0x0000000c   Code   RO          404    .text               sys.o
    0x08003f84   0x00000144   Code   RO          416    .text               usart.o
    0x080040c8   0x00000040   Code   RO          453    .text               startup_stm32f10x_hd.o
    0x08004108   0x000000dc   Code   RO          457    .text               misc.o
    0x080041e4   0x0000044e   Code   RO          469    .text               stm32f10x_adc.o
    0x08004632   0x00000002   PAD
    0x08004634   0x00000618   Code   RO          481    .text               stm32f10x_fsmc.o
    0x08004c4c   0x00000358   Code   RO          493    .text               stm32f10x_gpio.o
    0x08004fa4   0x000003a4   Code   RO          505    .text               stm32f10x_rcc.o
    0x08005348   0x00000408   Code   RO          519    .text               stm32f10x_usart.o
    0x08005750   0x00000e1a   Code   RO          531    .text               stm32f10x_tim.o
    0x0800656a   0x00000002   PAD
    0x0800656c   0x0000030c   Code   RO          543    .text               stm32f10x_spi.o
    0x08006878   0x0000011c   Code   RO          567    .text               stm32f10x_exti.o
    0x08006994   0x00000002   Code   RO          581    .text               c_w.l(use_no_semi_2.o)
    0x08006996   0x00000006   Code   RO          583    .text               c_w.l(heapauxi.o)
    0x0800699c   0x00000002   Code   RO          587    .text               c_w.l(use_no_semi.o)
    0x0800699e   0x0000004a   Code   RO          605    .text               c_w.l(sys_stackheap_outer.o)
    0x080069e8   0x0000000c   Code   RO          607    .text               c_w.l(exit.o)
    0x080069f4   0x00000008   Code   RO          615    .text               c_w.l(libspace.o)
    0x080069fc   0x00000a64   Data   RO          248    .constdata          lcd.o
    0x08007460   0x00000020   Data   RO          735    Region$$Table       anon$$obj.o


    Execution Region RW_IRAM1 (Base: 0x20000000, Size: 0x000014e8, Max: 0x00010000, ABSOLUTE, COMPRESSED[0x00000608])

    Base Addr    Size         Type   Attr      Idx    E Section Name        Object

    0x20000000   0x0000001f   Data   RW            3    .data               main.o
    0x2000001f   0x00000001   PAD
    0x20000020   0x00000014   Data   RW          169    .data               system_stm32f10x.o
    0x20000034   0x00000001   Data   RW          228    .data               key.o
    0x20000035   0x00000001   PAD
    0x20000036   0x00000004   Data   RW          249    .data               lcd.o
    0x2000003a   0x00000b57   Data   RW          289    .data               word.o
    0x20000b91   0x00000001   PAD
    0x20000b92   0x00000006   Data   RW          318    .data               timer.o
    0x20000b98   0x00000002   Data   RW          357    .data               flash.o
    0x20000b9a   0x00000004   Data   RW          391    .data               delay.o
    0x20000b9e   0x00000002   PAD
    0x20000ba0   0x00000008   Data   RW          418    .data               usart.o
    0x20000ba8   0x00000014   Data   RW          506    .data               stm32f10x_rcc.o
    0x20000bbc   0x000001f8   Zero   RW            2    .bss                main.o
    0x20000db4   0x0000000a   Zero   RW          247    .bss                lcd.o
    0x20000dbe   0x000000c8   Zero   RW          417    .bss                usart.o
    0x20000e86   0x00000002   PAD
    0x20000e88   0x00000060   Zero   RW          616    .bss                c_w.l(libspace.o)
    0x20000ee8   0x00000200   Zero   RW          451    HEAP                startup_stm32f10x_hd.o
    0x200010e8   0x00000400   Zero   RW          450    STACK               startup_stm32f10x_hd.o


==============================================================================

Image component sizes


      Code (inc. data)   RO Data    RW Data    ZI Data      Debug   Object Name

       232         10          0          0          0       1051   adc.o
         0          0          0          0          0         32   core_cm3.o
       208         18          0          4          0        975   delay.o
       284         16          0          0          0        754   exti.o
       824         26          0          2          0       4209   flash.o
       252         12          0          1          0        808   key.o
      9124        122       2660          4         10      15888   lcd.o
        76          8          0          0          0     216391   led.o
      1328        288          0         31        504     209753   main.o
       220         20          0          0          0       1761   misc.o
       264         10          0          0          0       1077   spi.o
        64         26        304          0       1536        756   startup_stm32f10x_hd.o
      1102         26          0          0          0      10793   stm32f10x_adc.o
       284         10          0          0          0       2191   stm32f10x_exti.o
      1560         54          0          0          0       5299   stm32f10x_fsmc.o
       856         40          0          0          0       5605   stm32f10x_gpio.o
        26          0          0          0          0      59382   stm32f10x_it.o
       932         44          0         20          0       8752   stm32f10x_rcc.o
       780         14          0          0          0       6486   stm32f10x_spi.o
      3610         88          0          0          0      22088   stm32f10x_tim.o
      1032         22          0          0          0       8328   stm32f10x_usart.o
        12          0          0          0          0        429   sys.o
       476         36          0         20          0       1679   system_stm32f10x.o
       692         46          0          6          0       1558   timer.o
       324         16          0          8        200       3074   usart.o
      1936         94          0       2903          0       4372   word.o

    ----------------------------------------------------------------------
     26504       1046       2996       3004       2252     593491   Object Totals
         0          0         32          0          0          0   (incl. Generated)
         6          0          0          5          2          0   (incl. Padding)

    ----------------------------------------------------------------------

      Code (inc. data)   RO Data    RW Data    ZI Data      Debug   Library Member Name

        90          0          0          0          0          0   __dczerorl2.o
         8          0          0          0          0         68   __main.o
        52          8          0          0          0          0   __scatter.o
        28          0          0          0          0          0   __scatter_zi.o
        12          0          0          0          0         72   exit.o
         6          0          0          0          0        152   heapauxi.o
         2          0          0          0          0          0   libinit.o
         2          0          0          0          0          0   libinit2.o
         2          0          0          0          0          0   libshutdown.o
         2          0          0          0          0          0   libshutdown2.o
         8          4          0          0         96         68   libspace.o
         0          0          0          0          0          0   rtentry.o
        12          0          0          0          0          0   rtentry2.o
         6          0          0          0          0          0   rtentry4.o
         2          0          0          0          0          0   rtexit.o
        10          0          0          0          0          0   rtexit2.o
        74          0          0          0          0         80   sys_stackheap_outer.o
         2          0          0          0          0         68   use_no_semi.o
         2          0          0          0          0         68   use_no_semi_2.o

    ----------------------------------------------------------------------
       324         12          0          0         96        576   Library Totals
         4          0          0          0          0          0   (incl. Padding)

    ----------------------------------------------------------------------

      Code (inc. data)   RO Data    RW Data    ZI Data      Debug   Library Name

       320         12          0          0         96        576   c_w.l

    ----------------------------------------------------------------------
       324         12          0          0         96        576   Library Totals

    ----------------------------------------------------------------------

==============================================================================


      Code (inc. data)   RO Data    RW Data    ZI Data      Debug   

     26828       1058       2996       3004       2348     591519   Grand Totals
     26828       1058       2996       1544       2348     591519   ELF Image Totals (compressed)
     26828       1058       2996       1544          0          0   ROM Totals

==============================================================================

    Total RO  Size (Code + RO Data)                29824 (  29.13kB)
    Total RW  Size (RW Data + ZI Data)              5352 (   5.23kB)
    Total ROM Size (Code + RO Data + RW Data)      31368 (  30.63kB)

==============================================================================

